<?xml version="1.0" encoding="utf-8"?>
<TestRun id="12b192ce-aa59-4bb2-91fe-418698929b61" name="sanus@SXNU-VIVOBOOK 2026-10-08 10:08:25" runUser="SXNU-VIVOBOOK\sanus" xmlns="http://microsoft.com/schemas/VisualStudio/TeamTest/2010">
  <Times creation="2026-10-08T10:08:25.7867390+05:30" queuing="2026-10-08T10:08:25.7867394+05:30" start="2026-10-08T10:08:22.7390795+05:30" finish="2026-10-08T10:08:25.7956269+05:30" />
  <TestSettings name="default" id="51422b55-9583-4cf4-af9f-875a7985e902">
    <Deployment runDeploymentRoot="sanus_SXNU-VIVOBOOK_2026-10-08_10_08_25" />
  </TestSettings>
  <Results>
    <UnitTestResult executionId="06a9b41c-ad26-4a8f-be28-826703781cbc" testId="174eac11-1e21-c061-bd68-29dee6fb06b4" testName="backend.Tests.services.ListingConstraintTests.DB03_NullMinPrice_IsAccepted_FloorPriceIsOptional" computerName="SXNU-VIVOBOOK" duration="00:00:00.0931870" startTime="2026-10-08T10:08:25.5300204+05:30" endTime="2026-10-08T10:08:25.5981796+05:30" testType="13cdc9d9-ddb5-4fa4-a97d-d965ccfc6d4b" outcome="Passed" testListId="8c84fa94-04c1-424b-9868-57a2d4851a1d" relativeResultsDirectory="06a9b41c-ad26-4a8f-be28-826703781cbc" />
    <UnitTestResult executionId="36b33e14-16a5-4b82-a252-ebbb38b4061e" testId="379b6b2d-ae59-effa-ba5f-4b617015bc13" testName="backend.Tests.services.ListingConstraintTests.DB04_PositiveQuantity_IsAccepted" computerName="SXNU-VIVOBOOK" duration="00:00:00.0091429" startTime="2026-10-08T10:08:25.6390767+05:30" endTime="2026-10-08T10:08:25.6474349+05:30" testType="13cdc9d9-ddb5-4fa4-a97d-d965ccfc6d4b" outcome="Passed" testListId="8c84fa94-04c1-424b-9868-57a2d4851a1d" relativeResultsDirectory="36b33e14-16a5-4b82-a252-ebbb38b4061e" />
    <UnitTestResult executionId="6eed69a3-7f36-433d-b6f6-f5835d0934b7" testId="9bbb745c-2ee2-8ace-8ad8-caf1c82c3d71" testName="backend.Tests.services.ListingConstraintTests.DB03_ZeroMinPrice_IsRejectedByTheDatabase" computerName="SXNU-VIVOBOOK" duration="00:00:00.0229750" startTime="2026-10-08T10:08:25.6009163+05:30" endTime="2026-10-08T10:08:25.6217668+05:30" testType="13cdc9d9-ddb5-4fa4-a97d-d965ccfc6d4b" outcome="Failed" testListId="8c84fa94-04c1-424b-9868-57a2d4851a1d" relativeResultsDirectory="6eed69a3-7f36-433d-b6f6-f5835d0934b7">
      <Output>
        <ErrorInfo>
          <Message>Assert.Throws() Failure: No exception was thrown&#xD;
Expected: typeof(Microsoft.EntityFrameworkCore.DbUpdateException)</Message>
          <StackTrace>   at backend.Tests.services.ListingConstraintTests.DB03_ZeroMinPrice_IsRejectedByTheDatabase() in D:\Projects\Produce Listings &amp; Price Discovery\Produce Listings &amp; Price Discovery\AgriConnect\backend.Tests\services\ListingConstraintTests.cs:line 82&#xD;
   at backend.Tests.services.ListingConstraintTests.DB03_ZeroMinPrice_IsRejectedByTheDatabase() in D:\Projects\Produce Listings &amp; Price Discovery\Produce Listings &amp; Price Discovery\AgriConnect\backend.Tests\services\ListingConstraintTests.cs:line 82&#xD;
--- End of stack trace from previous location ---</StackTrace>
        </ErrorInfo>
      </Output>
    </UnitTestResult>
    <UnitTestResult executionId="bc88a7d3-521d-4ada-b1e8-e384d8859bba" testId="8ff40e29-185e-e46b-8991-5f11adeca31c" testName="backend.Tests.services.ListingConstraintTests.DB03_PositiveMinPrice_IsAccepted" computerName="SXNU-VIVOBOOK" duration="00:00:00.0077631" startTime="2026-10-08T10:08:25.6476397+05:30" endTime="2026-10-08T10:08:25.6558270+05:30" testType="13cdc9d9-ddb5-4fa4-a97d-d965ccfc6d4b" outcome="Passed" testListId="8c84fa94-04c1-424b-9868-57a2d4851a1d" relativeResultsDirectory="bc88a7d3-521d-4ada-b1e8-e384d8859bba" />
    <UnitTestResult executionId="a27cdf3d-2eba-4c98-b43c-71765a705fb0" testId="899149a7-626e-4160-5507-445f07245736" testName="backend.Tests.services.ListingConstraintTests.DB04_ZeroQuantity_IsRejectedByTheDatabase" computerName="SXNU-VIVOBOOK" duration="00:00:00.0075621" startTime="2026-10-08T10:08:25.6232796+05:30" endTime="2026-10-08T10:08:25.6299298+05:30" testType="13cdc9d9-ddb5-4fa4-a97d-d965ccfc6d4b" outcome="Failed" testListId="8c84fa94-04c1-424b-9868-57a2d4851a1d" relativeResultsDirectory="a27cdf3d-2eba-4c98-b43c-71765a705fb0">
      <Output>
        <ErrorInfo>
          <Message>Assert.Throws() Failure: No exception was thrown&#xD;
Expected: typeof(Microsoft.EntityFrameworkCore.DbUpdateException)</Message>
          <StackTrace>   at backend.Tests.services.ListingConstraintTests.DB04_ZeroQuantity_IsRejectedByTheDatabase() in D:\Projects\Produce Listings &amp; Price Discovery\Produce Listings &amp; Price Discovery\AgriConnect\backend.Tests\services\ListingConstraintTests.cs:line 126&#xD;
   at backend.Tests.services.ListingConstraintTests.DB04_ZeroQuantity_IsRejectedByTheDatabase() in D:\Projects\Produce Listings &amp; Price Discovery\Produce Listings &amp; Price Discovery\AgriConnect\backend.Tests\services\ListingConstraintTests.cs:line 126&#xD;
--- End of stack trace from previous location ---</StackTrace>
        </ErrorInfo>
      </Output>
    </UnitTestResult>
    <UnitTestResult executionId="cc2f30cb-f65b-475c-a33f-c5264623e3e8" testId="2ecf5a9d-d3c3-605b-c3a8-c543df6224a6" testName="backend.Tests.services.ListingConstraintTests.DB04_NegativeQuantity_IsRejectedByTheDatabase" computerName="SXNU-VIVOBOOK" duration="00:00:01.7400731" startTime="2026-10-08T10:08:23.7290007+05:30" endTime="2026-10-08T10:08:25.5015234+05:30" testType="13cdc9d9-ddb5-4fa4-a97d-d965ccfc6d4b" outcome="Failed" testListId="8c84fa94-04c1-424b-9868-57a2d4851a1d" relativeResultsDirectory="cc2f30cb-f65b-475c-a33f-c5264623e3e8">
      <Output>
        <ErrorInfo>
          <Message>Assert.Throws() Failure: No exception was thrown&#xD;
Expected: typeof(Microsoft.EntityFrameworkCore.DbUpdateException)</Message>
          <StackTrace>   at backend.Tests.services.ListingConstraintTests.DB04_NegativeQuantity_IsRejectedByTheDatabase() in D:\Projects\Produce Listings &amp; Price Discovery\Produce Listings &amp; Price Discovery\AgriConnect\backend.Tests\services\ListingConstraintTests.cs:line 115&#xD;
   at backend.Tests.services.ListingConstraintTests.DB04_NegativeQuantity_IsRejectedByTheDatabase() in D:\Projects\Produce Listings &amp; Price Discovery\Produce Listings &amp; Price Discovery\AgriConnect\backend.Tests\services\ListingConstraintTests.cs:line 115&#xD;
--- End of stack trace from previous location ---</StackTrace>
        </ErrorInfo>
      </Output>
    </UnitTestResult>
    <UnitTestResult executionId="d0e4d5d8-53f0-4147-bb3c-ca5b6ddcb475" testId="874f9e14-a0d6-f5f8-1884-3f82e76e1076" testName="backend.Tests.services.ListingConstraintTests.DB03_NegativeMinPrice_IsRejectedByTheDatabase" computerName="SXNU-VIVOBOOK" duration="00:00:00.0069468" startTime="2026-10-08T10:08:25.6305504+05:30" endTime="2026-10-08T10:08:25.6378406+05:30" testType="13cdc9d9-ddb5-4fa4-a97d-d965ccfc6d4b" outcome="Failed" testListId="8c84fa94-04c1-424b-9868-57a2d4851a1d" relativeResultsDirectory="d0e4d5d8-53f0-4147-bb3c-ca5b6ddcb475">
      <Output>
        <ErrorInfo>
          <Message>Assert.Throws() Failure: No exception was thrown&#xD;
Expected: typeof(Microsoft.EntityFrameworkCore.DbUpdateException)</Message>
          <StackTrace>   at backend.Tests.services.ListingConstraintTests.DB03_NegativeMinPrice_IsRejectedByTheDatabase() in D:\Projects\Produce Listings &amp; Price Discovery\Produce Listings &amp; Price Discovery\AgriConnect\backend.Tests\services\ListingConstraintTests.cs:line 71&#xD;
   at backend.Tests.services.ListingConstraintTests.DB03_NegativeMinPrice_IsRejectedByTheDatabase() in D:\Projects\Produce Listings &amp; Price Discovery\Produce Listings &amp; Price Discovery\AgriConnect\backend.Tests\services\ListingConstraintTests.cs:line 71&#xD;
--- End of stack trace from previous location ---</StackTrace>
        </ErrorInfo>
      </Output>
    </UnitTestResult>
  </Results>
  <TestDefinitions>
    <UnitTest name="backend.Tests.services.ListingConstraintTests.DB04_ZeroQuantity_IsRejectedByTheDatabase" storage="d:\projects\produce listings &amp; price discovery\produce listings &amp; price discovery\agriconnect\backend.tests\bin\debug\net10.0\backend.tests.dll" id="899149a7-626e-4160-5507-445f07245736">
      <Execution id="a27cdf3d-2eba-4c98-b43c-71765a705fb0" />
      <TestMethod codeBase="D:\Projects\Produce Listings &amp; Price Discovery\Produce Listings &amp; Price Discovery\AgriConnect\backend.Tests\bin\Debug\net10.0\backend.Tests.dll" adapterTypeName="executor://xunit/VsTestRunner3/netcore/" className="backend.Tests.services.ListingConstraintTests" name="DB04_ZeroQuantity_IsRejectedByTheDatabase" />
    </UnitTest>
    <UnitTest name="backend.Tests.services.ListingConstraintTests.DB04_NegativeQuantity_IsRejectedByTheDatabase" storage="d:\projects\produce listings &amp; price discovery\produce listings &amp; price discovery\agriconnect\backend.tests\bin\debug\net10.0\backend.tests.dll" id="2ecf5a9d-d3c3-605b-c3a8-c543df6224a6">
      <Execution id="cc2f30cb-f65b-475c-a33f-c5264623e3e8" />
      <TestMethod codeBase="D:\Projects\Produce Listings &amp; Price Discovery\Produce Listings &amp; Price Discovery\AgriConnect\backend.Tests\bin\Debug\net10.0\backend.Tests.dll" adapterTypeName="executor://xunit/VsTestRunner3/netcore/" className="backend.Tests.services.ListingConstraintTests" name="DB04_NegativeQuantity_IsRejectedByTheDatabase" />
    </UnitTest>
    <UnitTest name="backend.Tests.services.ListingConstraintTests.DB03_PositiveMinPrice_IsAccepted" storage="d:\projects\produce listings &amp; price discovery\produce listings &amp; price discovery\agriconnect\backend.tests\bin\debug\net10.0\backend.tests.dll" id="8ff40e29-185e-e46b-8991-5f11adeca31c">
      <Execution id="bc88a7d3-521d-4ada-b1e8-e384d8859bba" />
      <TestMethod codeBase="D:\Projects\Produce Listings &amp; Price Discovery\Produce Listings &amp; Price Discovery\AgriConnect\backend.Tests\bin\Debug\net10.0\backend.Tests.dll" adapterTypeName="executor://xunit/VsTestRunner3/netcore/" className="backend.Tests.services.ListingConstraintTests" name="DB03_PositiveMinPrice_IsAccepted" />
    </UnitTest>
    <UnitTest name="backend.Tests.services.ListingConstraintTests.DB03_NullMinPrice_IsAccepted_FloorPriceIsOptional" storage="d:\projects\produce listings &amp; price discovery\produce listings &amp; price discovery\agriconnect\backend.tests\bin\debug\net10.0\backend.tests.dll" id="174eac11-1e21-c061-bd68-29dee6fb06b4">
      <Execution id="06a9b41c-ad26-4a8f-be28-826703781cbc" />
      <TestMethod codeBase="D:\Projects\Produce Listings &amp; Price Discovery\Produce Listings &amp; Price Discovery\AgriConnect\backend.Tests\bin\Debug\net10.0\backend.Tests.dll" adapterTypeName="executor://xunit/VsTestRunner3/netcore/" className="backend.Tests.services.ListingConstraintTests" name="DB03_NullMinPrice_IsAccepted_FloorPriceIsOptional" />
    </UnitTest>
    <UnitTest name="backend.Tests.services.ListingConstraintTests.DB03_ZeroMinPrice_IsRejectedByTheDatabase" storage="d:\projects\produce listings &amp; price discovery\produce listings &amp; price discovery\agriconnect\backend.tests\bin\debug\net10.0\backend.tests.dll" id="9bbb745c-2ee2-8ace-8ad8-caf1c82c3d71">
      <Execution id="6eed69a3-7f36-433d-b6f6-f5835d0934b7" />
      <TestMethod codeBase="D:\Projects\Produce Listings &amp; Price Discovery\Produce Listings &amp; Price Discovery\AgriConnect\backend.Tests\bin\Debug\net10.0\backend.Tests.dll" adapterTypeName="executor://xunit/VsTestRunner3/netcore/" className="backend.Tests.services.ListingConstraintTests" name="DB03_ZeroMinPrice_IsRejectedByTheDatabase" />
    </UnitTest>
    <UnitTest name="backend.Tests.services.ListingConstraintTests.DB03_NegativeMinPrice_IsRejectedByTheDatabase" storage="d:\projects\produce listings &amp; price discovery\produce listings &amp; price discovery\agriconnect\backend.tests\bin\debug\net10.0\backend.tests.dll" id="874f9e14-a0d6-f5f8-1884-3f82e76e1076">
      <Execution id="d0e4d5d8-53f0-4147-bb3c-ca5b6ddcb475" />
      <TestMethod codeBase="D:\Projects\Produce Listings &amp; Price Discovery\Produce Listings &amp; Price Discovery\AgriConnect\backend.Tests\bin\Debug\net10.0\backend.Tests.dll" adapterTypeName="executor://xunit/VsTestRunner3/netcore/" className="backend.Tests.services.ListingConstraintTests" name="DB03_NegativeMinPrice_IsRejectedByTheDatabase" />
    </UnitTest>
    <UnitTest name="backend.Tests.services.ListingConstraintTests.DB04_PositiveQuantity_IsAccepted" storage="d:\projects\produce listings &amp; price discovery\produce listings &amp; price discovery\agriconnect\backend.tests\bin\debug\net10.0\backend.tests.dll" id="379b6b2d-ae59-effa-ba5f-4b617015bc13">
      <Execution id="36b33e14-16a5-4b82-a252-ebbb38b4061e" />
      <TestMethod codeBase="D:\Projects\Produce Listings &amp; Price Discovery\Produce Listings &amp; Price Discovery\AgriConnect\backend.Tests\bin\Debug\net10.0\backend.Tests.dll" adapterTypeName="executor://xunit/VsTestRunner3/netcore/" className="backend.Tests.services.ListingConstraintTests" name="DB04_PositiveQuantity_IsAccepted" />
    </UnitTest>
  </TestDefinitions>
  <TestEntries>
    <TestEntry testId="174eac11-1e21-c061-bd68-29dee6fb06b4" executionId="06a9b41c-ad26-4a8f-be28-826703781cbc" testListId="8c84fa94-04c1-424b-9868-57a2d4851a1d" />
    <TestEntry testId="379b6b2d-ae59-effa-ba5f-4b617015bc13" executionId="36b33e14-16a5-4b82-a252-ebbb38b4061e" testListId="8c84fa94-04c1-424b-9868-57a2d4851a1d" />
    <TestEntry testId="9bbb745c-2ee2-8ace-8ad8-caf1c82c3d71" executionId="6eed69a3-7f36-433d-b6f6-f5835d0934b7" testListId="8c84fa94-04c1-424b-9868-57a2d4851a1d" />
    <TestEntry testId="8ff40e29-185e-e46b-8991-5f11adeca31c" executionId="bc88a7d3-521d-4ada-b1e8-e384d8859bba" testListId="8c84fa94-04c1-424b-9868-57a2d4851a1d" />
    <TestEntry testId="899149a7-626e-4160-5507-445f07245736" executionId="a27cdf3d-2eba-4c98-b43c-71765a705fb0" testListId="8c84fa94-04c1-424b-9868-57a2d4851a1d" />
    <TestEntry testId="2ecf5a9d-d3c3-605b-c3a8-c543df6224a6" executionId="cc2f30cb-f65b-475c-a33f-c5264623e3e8" testListId="8c84fa94-04c1-424b-9868-57a2d4851a1d" />
    <TestEntry testId="874f9e14-a0d6-f5f8-1884-3f82e76e1076" executionId="d0e4d5d8-53f0-4147-bb3c-ca5b6ddcb475" testListId="8c84fa94-04c1-424b-9868-57a2d4851a1d" />
  </TestEntries>
  <TestLists>
    <TestList name="Results Not in a List" id="8c84fa94-04c1-424b-9868-57a2d4851a1d" />
    <TestList name="All Loaded Results" id="19431567-8539-422a-85d7-44ee4e166bda" />
  </TestLists>
  <ResultSummary outcome="Failed">
    <Counters total="7" executed="7" passed="3" failed="4" error="0" timeout="0" aborted="0" inconclusive="0" passedButRunAborted="0" notRunnable="0" notExecuted="0" disconnected="0" warning="0" completed="0" inProgress="0" pending="0" />
    <Output>
      <StdOut>[xUnit.net 00:00:00.00] xUnit.net VSTest Adapter v3.1.4+50e68bbb8b (64-bit .NET 10.0.10)&#xD;
[xUnit.net 00:00:00.16]   Discovering: backend.Tests&#xD;
[xUnit.net 00:00:00.29]   Discovered:  backend.Tests&#xD;
[xUnit.net 00:00:00.32]   Starting:    backend.Tests&#xD;
[xUnit.net 00:00:02.13]       Assert.Throws() Failure: No exception was thrown&#xD;
[xUnit.net 00:00:02.13]       Expected: typeof(Microsoft.EntityFrameworkCore.DbUpdateException)&#xD;
[xUnit.net 00:00:02.13]       Stack Trace:&#xD;
[xUnit.net 00:00:02.13]         D:\Projects\Produce Listings &amp; Price Discovery\Produce Listings &amp; Price Discovery\AgriConnect\backend.Tests\services\ListingConstraintTests.cs(115,0): at backend.Tests.services.ListingConstraintTests.DB04_NegativeQuantity_IsRejectedByTheDatabase()&#xD;
[xUnit.net 00:00:02.13]         D:\Projects\Produce Listings &amp; Price Discovery\Produce Listings &amp; Price Discovery\AgriConnect\backend.Tests\services\ListingConstraintTests.cs(115,0): at backend.Tests.services.ListingConstraintTests.DB04_NegativeQuantity_IsRejectedByTheDatabase()&#xD;
[xUnit.net 00:00:02.13]         --- End of stack trace from previous location ---&#xD;
[xUnit.net 00:00:02.24]       Assert.Throws() Failure: No exception was thrown&#xD;
[xUnit.net 00:00:02.24]       Expected: typeof(Microsoft.EntityFrameworkCore.DbUpdateException)&#xD;
[xUnit.net 00:00:02.24]       Stack Trace:&#xD;
[xUnit.net 00:00:02.24]         D:\Projects\Produce Listings &amp; Price Discovery\Produce Listings &amp; Price Discovery\AgriConnect\backend.Tests\services\ListingConstraintTests.cs(82,0): at backend.Tests.services.ListingConstraintTests.DB03_ZeroMinPrice_IsRejectedByTheDatabase()&#xD;
[xUnit.net 00:00:02.24]         D:\Projects\Produce Listings &amp; Price Discovery\Produce Listings &amp; Price Discovery\AgriConnect\backend.Tests\services\ListingConstraintTests.cs(82,0): at backend.Tests.services.ListingConstraintTests.DB03_ZeroMinPrice_IsRejectedByTheDatabase()&#xD;
[xUnit.net 00:00:02.24]         --- End of stack trace from previous location ---&#xD;
[xUnit.net 00:00:02.25]       Assert.Throws() Failure: No exception was thrown&#xD;
[xUnit.net 00:00:02.25]       Expected: typeof(Microsoft.EntityFrameworkCore.DbUpdateException)&#xD;
[xUnit.net 00:00:02.25]       Stack Trace:&#xD;
[xUnit.net 00:00:02.25]         D:\Projects\Produce Listings &amp; Price Discovery\Produce Listings &amp; Price Discovery\AgriConnect\backend.Tests\services\ListingConstraintTests.cs(126,0): at backend.Tests.services.ListingConstraintTests.DB04_ZeroQuantity_IsRejectedByTheDatabase()&#xD;
[xUnit.net 00:00:02.25]         D:\Projects\Produce Listings &amp; Price Discovery\Produce Listings &amp; Price Discovery\AgriConnect\backend.Tests\services\ListingConstraintTests.cs(126,0): at backend.Tests.services.ListingConstraintTests.DB04_ZeroQuantity_IsRejectedByTheDatabase()&#xD;
[xUnit.net 00:00:02.25]         --- End of stack trace from previous location ---&#xD;
[xUnit.net 00:00:02.26]       Assert.Throws() Failure: No exception was thrown&#xD;
[xUnit.net 00:00:02.26]       Expected: typeof(Microsoft.EntityFrameworkCore.DbUpdateException)&#xD;
[xUnit.net 00:00:02.26]       Stack Trace:&#xD;
[xUnit.net 00:00:02.26]         D:\Projects\Produce Listings &amp; Price Discovery\Produce Listings &amp; Price Discovery\AgriConnect\backend.Tests\services\ListingConstraintTests.cs(71,0): at backend.Tests.services.ListingConstraintTests.DB03_NegativeMinPrice_IsRejectedByTheDatabase()&#xD;
[xUnit.net 00:00:02.26]         D:\Projects\Produce Listings &amp; Price Discovery\Produce Listings &amp; Price Discovery\AgriConnect\backend.Tests\services\ListingConstraintTests.cs(71,0): at backend.Tests.services.ListingConstraintTests.DB03_NegativeMinPrice_IsRejectedByTheDatabase()&#xD;
[xUnit.net 00:00:02.26]         --- End of stack trace from previous location ---&#xD;
[xUnit.net 00:00:02.29]   Finished:    backend.Tests&#xD;
</StdOut>
    </Output>
    <RunInfos>
      <RunInfo computerName="SXNU-VIVOBOOK" outcome="Error" timestamp="2026-10-08T10:08:25.5068148+05:30">
        <Text>[xUnit.net 00:00:02.13]     backend.Tests.services.ListingConstraintTests.DB04_NegativeQuantity_IsRejectedByTheDatabase [FAIL]</Text>
      </RunInfo>
      <RunInfo computerName="SXNU-VIVOBOOK" outcome="Error" timestamp="2026-10-08T10:08:25.6225833+05:30">
        <Text>[xUnit.net 00:00:02.24]     backend.Tests.services.ListingConstraintTests.DB03_ZeroMinPrice_IsRejectedByTheDatabase [FAIL]</Text>
      </RunInfo>
      <RunInfo computerName="SXNU-VIVOBOOK" outcome="Error" timestamp="2026-10-08T10:08:25.6305153+05:30">
        <Text>[xUnit.net 00:00:02.25]     backend.Tests.services.ListingConstraintTests.DB04_ZeroQuantity_IsRejectedByTheDatabase [FAIL]</Text>
      </RunInfo>
      <RunInfo computerName="SXNU-VIVOBOOK" outcome="Error" timestamp="2026-10-08T10:08:25.6386653+05:30">
        <Text>[xUnit.net 00:00:02.26]     backend.Tests.services.ListingConstraintTests.DB03_NegativeMinPrice_IsRejectedByTheDatabase [FAIL]</Text>
      </RunInfo>
    </RunInfos>
  </ResultSummary>
</TestRun>