<?xml version="1.0" encoding="utf-8"?>
<TestRun id="3d4445cf-0722-4e14-8319-31287caf87e9" name="Yashodha@LAPTOP-HI37VNPC 2026-10-03 09:24:48" runUser="LAPTOP-HI37VNPC\Yashodha" xmlns="http://microsoft.com/schemas/VisualStudio/TeamTest/2010">
  <Times creation="2026-10-03T09:24:48.1583254+05:30" queuing="2026-10-03T09:24:48.1583256+05:30" start="2026-10-03T09:24:37.2884044+05:30" finish="2026-10-03T09:24:49.6356043+05:30" />
  <TestSettings name="default" id="88336104-f0aa-4347-8cd5-9ab2b3f66719">
    <Deployment runDeploymentRoot="Yashodha_LAPTOP-HI37VNPC_2026-10-03_09_24_48" />
  </TestSettings>
  <Results>
    <UnitTestResult executionId="c888ece2-031a-4b0e-80d8-1b6ba35123a5" testId="b348ad6d-646e-4c0c-3048-7d6249ed3dac" testName="backend.Tests.services.AnalyticsServicesTests.GetFlagsAsync_RejectsInvalidPaging(page: 1, size: 0)" computerName="LAPTOP-HI37VNPC" duration="00:00:00.0001026" startTime="2026-10-03T09:24:47.9646572+05:30" endTime="2026-10-03T09:24:47.9647140+05:30" testType="13cdc9d9-ddb5-4fa4-a97d-d965ccfc6d4b" outcome="Passed" testListId="8c84fa94-04c1-424b-9868-57a2d4851a1d" relativeResultsDirectory="c888ece2-031a-4b0e-80d8-1b6ba35123a5" />
    <UnitTestResult executionId="24bba5e7-d033-4e59-b023-788c0ada6f60" testId="a7848b3e-5a6f-316b-ab17-2383b5fa76c6" testName="backend.Tests.services.AnalyticsServicesTests.WeekStart_ReturnsTheMondayOfThatWeek(date: &quot;2026-09-13&quot;, expectedMonday: &quot;2026-09-07&quot;)" computerName="LAPTOP-HI37VNPC" duration="00:00:00.0000073" startTime="2026-10-03T09:24:49.4424789+05:30" endTime="2026-10-03T09:24:49.4425377+05:30" testType="13cdc9d9-ddb5-4fa4-a97d-d965ccfc6d4b" outcome="Passed" testListId="8c84fa94-04c1-424b-9868-57a2d4851a1d" relativeResultsDirectory="24bba5e7-d033-4e59-b023-788c0ada6f60" />
    <UnitTestResult executionId="86abad07-fda7-467a-9107-387aad024445" testId="98f2625f-e111-7903-bacd-ce61aedf670a" testName="backend.Tests.services.AnalyticsServicesTests.CalculateDeviationPercent_IsRelativeToTheMidpointOfTheSuggestedRange(price: 100, min: 80, max: 120, expected: 0)" computerName="LAPTOP-HI37VNPC" duration="00:00:00.0001715" startTime="2026-10-03T09:24:49.4873932+05:30" endTime="2026-10-03T09:24:49.4874384+05:30" testType="13cdc9d9-ddb5-4fa4-a97d-d965ccfc6d4b" outcome="Passed" testListId="8c84fa94-04c1-424b-9868-57a2d4851a1d" relativeResultsDirectory="86abad07-fda7-467a-9107-387aad024445" />
    <UnitTestResult executionId="6661c793-98c9-4e3b-97c8-70730d44f050" testId="b2259cf3-ab94-7182-eb1c-b76678606117" testName="backend.Tests.services.AnalyticsServicesTests.AggregateAsync_WithNoData_WritesNothing" computerName="LAPTOP-HI37VNPC" duration="00:00:00.0165712" startTime="2026-10-03T09:24:49.4132538+05:30" endTime="2026-10-03T09:24:49.4264730+05:30" testType="13cdc9d9-ddb5-4fa4-a97d-d965ccfc6d4b" outcome="Passed" testListId="8c84fa94-04c1-424b-9868-57a2d4851a1d" relativeResultsDirectory="6661c793-98c9-4e3b-97c8-70730d44f050" />
    <UnitTestResult executionId="7932bf23-16a8-4440-ab20-8845e48ee77b" testId="7612cc7e-13a6-d9c8-2869-ad99e2f33bc0" testName="backend.Tests.services.AnalyticsServicesTests.GetFlagsAsync_RejectsInvalidPaging(page: -1, size: 10)" computerName="LAPTOP-HI37VNPC" duration="00:00:00.0083759" startTime="2026-10-03T09:24:47.9634398+05:30" endTime="2026-10-03T09:24:47.9635395+05:30" testType="13cdc9d9-ddb5-4fa4-a97d-d965ccfc6d4b" outcome="Passed" testListId="8c84fa94-04c1-424b-9868-57a2d4851a1d" relativeResultsDirectory="7932bf23-16a8-4440-ab20-8845e48ee77b" />
    <UnitTestResult executionId="961c9982-189a-4bcb-ae1b-5991f7e927f6" testId="fd98cf7f-807f-1a40-d1c9-73258a817d15" testName="backend.Tests.services.AnalyticsServicesTests.GetSnapshotsAsync_FiltersByCropRegionAndRange_AndSkipsEmptyWeeks" computerName="LAPTOP-HI37VNPC" duration="00:00:00.0229801" startTime="2026-10-03T09:24:49.5353444+05:30" endTime="2026-10-03T09:24:49.5583218+05:30" testType="13cdc9d9-ddb5-4fa4-a97d-d965ccfc6d4b" outcome="Passed" testListId="8c84fa94-04c1-424b-9868-57a2d4851a1d" relativeResultsDirectory="961c9982-189a-4bcb-ae1b-5991f7e927f6" />
    <UnitTestResult executionId="64a17772-d671-42d4-9c21-da646206263a" testId="c37b25ac-6191-1dd2-8cc1-0b18949639ca" testName="backend.Tests.services.AnalyticsServicesTests.EvaluateListingAsync_IsIdempotentWhileAFlagIsStillOpen" computerName="LAPTOP-HI37VNPC" duration="00:00:00.0034716" startTime="2026-10-03T09:24:49.5189752+05:30" endTime="2026-10-03T09:24:49.5213881+05:30" testType="13cdc9d9-ddb5-4fa4-a97d-d965ccfc6d4b" outcome="Passed" testListId="8c84fa94-04c1-424b-9868-57a2d4851a1d" relativeResultsDirectory="64a17772-d671-42d4-9c21-da646206263a" />
    <UnitTestResult executionId="b66ebf25-f35c-4024-b3f0-a89fc5562d70" testId="e2699f90-3153-6ffe-b650-5ca8452501aa" testName="backend.Tests.services.AnalyticsServicesTests.CalculateDeviationPercent_RejectsANonPositiveSuggestedRange(min: -10, max: -2)" computerName="LAPTOP-HI37VNPC" duration="00:00:00.0002741" startTime="2026-10-03T09:24:49.4037456+05:30" endTime="2026-10-03T09:24:49.4039298+05:30" testType="13cdc9d9-ddb5-4fa4-a97d-d965ccfc6d4b" outcome="Passed" testListId="8c84fa94-04c1-424b-9868-57a2d4851a1d" relativeResultsDirectory="b66ebf25-f35c-4024-b3f0-a89fc5562d70" />
    <UnitTestResult executionId="718097f2-e202-4fc8-a5cc-c909cce545e0" testId="2ec3d167-6801-0fe0-36ba-5391cdc884a0" testName="backend.Tests.services.AnalyticsServicesTests.CalculateDeviationPercent_RejectsANonPositiveSuggestedRange(min: 0, max: 0)" computerName="LAPTOP-HI37VNPC" duration="00:00:00.0010721" startTime="2026-10-03T09:24:49.4026525+05:30" endTime="2026-10-03T09:24:49.4036140+05:30" testType="13cdc9d9-ddb5-4fa4-a97d-d965ccfc6d4b" outcome="Passed" testListId="8c84fa94-04c1-424b-9868-57a2d4851a1d" relativeResultsDirectory="718097f2-e202-4fc8-a5cc-c909cce545e0" />
    <UnitTestResult executionId="f3054a9f-0915-4b03-8471-b72f27435f5b" testId="e2cf9c60-555a-861a-9994-0df4c800226c" testName="backend.Tests.services.AnalyticsServicesTests.EvaluateListingAsync_FlagsAPriceTooFarBelowTheRangeToo" computerName="LAPTOP-HI37VNPC" duration="00:00:00.0013063" startTime="2026-10-03T09:24:49.4428741+05:30" endTime="2026-10-03T09:24:49.4437725+05:30" testType="13cdc9d9-ddb5-4fa4-a97d-d965ccfc6d4b" outcome="Passed" testListId="8c84fa94-04c1-424b-9868-57a2d4851a1d" relativeResultsDirectory="f3054a9f-0915-4b03-8471-b72f27435f5b" />
    <UnitTestResult executionId="0f3c3846-120c-48d2-bc34-4ae141153a95" testId="acee078a-0aea-c27e-1412-b22f9471384a" testName="backend.Tests.services.AnalyticsServicesTests.BuildPoints_MonthBucketGroupsByTheFirstOfTheMonth" computerName="LAPTOP-HI37VNPC" duration="00:00:00.0093126" startTime="2026-10-03T09:24:49.5215671+05:30" endTime="2026-10-03T09:24:49.5308081+05:30" testType="13cdc9d9-ddb5-4fa4-a97d-d965ccfc6d4b" outcome="Passed" testListId="8c84fa94-04c1-424b-9868-57a2d4851a1d" relativeResultsDirectory="0f3c3846-120c-48d2-bc34-4ae141153a95" />
    <UnitTestResult executionId="2abfaa52-cf1f-47d8-962e-9cbebcac0287" testId="1adc9585-a459-f1fa-cfeb-2193f84194be" testName="backend.Tests.services.AnalyticsServicesTests.GetEventsAsync_ReturnsNewestFirst_AndFiltersByCropRegionTypeAndSeverity" computerName="LAPTOP-HI37VNPC" duration="00:00:00.1204653" startTime="2026-10-03T09:24:49.2484689+05:30" endTime="2026-10-03T09:24:49.3688933+05:30" testType="13cdc9d9-ddb5-4fa4-a97d-d965ccfc6d4b" outcome="Passed" testListId="8c84fa94-04c1-424b-9868-57a2d4851a1d" relativeResultsDirectory="2abfaa52-cf1f-47d8-962e-9cbebcac0287" />
    <UnitTestResult executionId="e7466417-1237-4c42-a553-85cbb3ceafa1" testId="10882e96-fdff-5b0e-9717-ac3791cee8ba" testName="backend.Tests.services.AnalyticsServicesTests.CalculateDeviationPercent_IsRelativeToTheMidpointOfTheSuggestedRange(price: 125, min: 80, max: 120, expected: 25)" computerName="LAPTOP-HI37VNPC" duration="00:00:00.0004186" startTime="2026-10-03T09:24:49.4874990+05:30" endTime="2026-10-03T09:24:49.4879411+05:30" testType="13cdc9d9-ddb5-4fa4-a97d-d965ccfc6d4b" outcome="Passed" testListId="8c84fa94-04c1-424b-9868-57a2d4851a1d" relativeResultsDirectory="e7466417-1237-4c42-a553-85cbb3ceafa1" />
    <UnitTestResult executionId="bf7e6dcb-8680-4eb5-861e-2c7c9a520d9e" testId="5184b2b7-e115-26c6-ebf4-2bdb013dfd32" testName="backend.Tests.services.AnalyticsServicesTests.GetEventsAsync_RejectsAnUnknownTypeOrSeverity(type: null, severity: &quot;extreme&quot;)" computerName="LAPTOP-HI37VNPC" duration="00:00:00.0014658" startTime="2026-10-03T09:24:49.4860284+05:30" endTime="2026-10-03T09:24:49.4863786+05:30" testType="13cdc9d9-ddb5-4fa4-a97d-d965ccfc6d4b" outcome="Passed" testListId="8c84fa94-04c1-424b-9868-57a2d4851a1d" relativeResultsDirectory="bf7e6dcb-8680-4eb5-861e-2c7c9a520d9e" />
    <UnitTestResult executionId="0624efb6-1b34-4514-9919-dd1764e7d1e3" testId="880be246-bae9-2dde-77b8-77d026cfb7dd" testName="backend.Tests.services.AnalyticsServicesTests.UpdateStatusAsync_AcceptsReviewedOrDismissed_CaseInsensitively(input: &quot;dismissed&quot;, expected: Dismissed)" computerName="LAPTOP-HI37VNPC" duration="00:00:00.0008922" startTime="2026-10-03T09:24:49.4365070+05:30" endTime="2026-10-03T09:24:49.4372750+05:30" testType="13cdc9d9-ddb5-4fa4-a97d-d965ccfc6d4b" outcome="Passed" testListId="8c84fa94-04c1-424b-9868-57a2d4851a1d" relativeResultsDirectory="0624efb6-1b34-4514-9919-dd1764e7d1e3" />
    <UnitTestResult executionId="8d337e14-3c26-4529-a3e3-27512822879a" testId="172de459-70fd-de22-7152-0cc62f01d147" testName="backend.Tests.services.AnalyticsServicesTests.GetEventsAsync_RejectsAnUnknownTypeOrSeverity(type: &quot;0&quot;, severity: null)" computerName="LAPTOP-HI37VNPC" duration="00:00:00.0002311" startTime="2026-10-03T09:24:49.4870836+05:30" endTime="2026-10-03T09:24:49.4872682+05:30" testType="13cdc9d9-ddb5-4fa4-a97d-d965ccfc6d4b" outcome="Passed" testListId="8c84fa94-04c1-424b-9868-57a2d4851a1d" relativeResultsDirectory="8d337e14-3c26-4529-a3e3-27512822879a" />
    <UnitTestResult executionId="a5e5f45c-b141-47dd-b733-bcb6b0c82470" testId="9d8386c2-194e-2126-afc6-aee9ccc13066" testName="backend.Tests.services.AnalyticsServicesTests.UpdateStatusAsync_AcceptsReviewedOrDismissed_CaseInsensitively(input: &quot;Reviewed&quot;, expected: Reviewed)" computerName="LAPTOP-HI37VNPC" duration="00:00:00.0097804" startTime="2026-10-03T09:24:49.4266958+05:30" endTime="2026-10-03T09:24:49.4363314+05:30" testType="13cdc9d9-ddb5-4fa4-a97d-d965ccfc6d4b" outcome="Passed" testListId="8c84fa94-04c1-424b-9868-57a2d4851a1d" relativeResultsDirectory="a5e5f45c-b141-47dd-b733-bcb6b0c82470" />
    <UnitTestResult executionId="4fb8ae17-0173-441a-ab2a-a98e506706e7" testId="85caf1da-261e-75fe-5761-2c14d36ec245" testName="backend.Tests.services.AnalyticsServicesTests.WeekStart_ReturnsTheMondayOfThatWeek(date: &quot;2026-09-14&quot;, expectedMonday: &quot;2026-09-14&quot;)" computerName="LAPTOP-HI37VNPC" duration="00:00:00.0000036" startTime="2026-10-03T09:24:49.4426578+05:30" endTime="2026-10-03T09:24:49.4427135+05:30" testType="13cdc9d9-ddb5-4fa4-a97d-d965ccfc6d4b" outcome="Passed" testListId="8c84fa94-04c1-424b-9868-57a2d4851a1d" relativeResultsDirectory="4fb8ae17-0173-441a-ab2a-a98e506706e7" />
    <UnitTestResult executionId="8cdce31b-7078-4257-9aa1-96d488fe704e" testId="c22c2212-a47d-5d63-7484-19f48f60d239" testName="backend.Tests.services.AnalyticsServicesTests.UpdateStatusAsync_ForAMissingFlag_ThrowsNotFound" computerName="LAPTOP-HI37VNPC" duration="00:00:00.0011784" startTime="2026-10-03T09:24:49.4895799+05:30" endTime="2026-10-03T09:24:49.4906533+05:30" testType="13cdc9d9-ddb5-4fa4-a97d-d965ccfc6d4b" outcome="Passed" testListId="8c84fa94-04c1-424b-9868-57a2d4851a1d" relativeResultsDirectory="8cdce31b-7078-4257-9aa1-96d488fe704e" />
    <UnitTestResult executionId="f5becad1-dd3c-4fdb-b05d-9ff950883fbf" testId="ba78e345-d690-d2d7-062d-84662d49c0fc" testName="backend.Tests.services.AnalyticsServicesTests.CalculateDeviationPercent_IsRelativeToTheMidpointOfTheSuggestedRange(price: 75, min: 80, max: 120, expected: -25)" computerName="LAPTOP-HI37VNPC" duration="00:00:00.0000064" startTime="2026-10-03T09:24:49.4880731+05:30" endTime="2026-10-03T09:24:49.4881318+05:30" testType="13cdc9d9-ddb5-4fa4-a97d-d965ccfc6d4b" outcome="Passed" testListId="8c84fa94-04c1-424b-9868-57a2d4851a1d" relativeResultsDirectory="f5becad1-dd3c-4fdb-b05d-9ff950883fbf" />
    <UnitTestResult executionId="de4a03ec-b8ab-4d51-86ca-73ee694d778d" testId="55c0ddba-f4a4-c702-f2d2-a9593bffae72" testName="backend.Tests.services.AnalyticsServicesTests.GetFlagsAsync_RejectsInvalidPaging(page: 0, size: 10)" computerName="LAPTOP-HI37VNPC" duration="00:00:01.3307445" startTime="2026-10-03T09:24:46.6370119+05:30" endTime="2026-10-03T09:24:47.9492548+05:30" testType="13cdc9d9-ddb5-4fa4-a97d-d965ccfc6d4b" outcome="Passed" testListId="8c84fa94-04c1-424b-9868-57a2d4851a1d" relativeResultsDirectory="de4a03ec-b8ab-4d51-86ca-73ee694d778d" />
    <UnitTestResult executionId="d1acbdc5-28d8-47f2-b198-4d085aae8f19" testId="304849e0-a197-aeb6-d2b3-33fb7c5ef01f" testName="backend.Tests.services.AnalyticsServicesTests.AggregateAsync_OnAlreadyWeeklyData_IsARepeatableNoOpRewrite" computerName="LAPTOP-HI37VNPC" duration="00:00:00.0410039" startTime="2026-10-03T09:24:49.4438954+05:30" endTime="2026-10-03T09:24:49.4848635+05:30" testType="13cdc9d9-ddb5-4fa4-a97d-d965ccfc6d4b" outcome="Passed" testListId="8c84fa94-04c1-424b-9868-57a2d4851a1d" relativeResultsDirectory="d1acbdc5-28d8-47f2-b198-4d085aae8f19" />
    <UnitTestResult executionId="939aacd4-08df-4ee5-b994-23ef4a950fce" testId="64ef6313-9d3a-c9c3-4038-fcfbc772416e" testName="backend.Tests.services.AnalyticsServicesTests.WeekStart_ReturnsTheMondayOfThatWeek(date: &quot;2026-09-07&quot;, expectedMonday: &quot;2026-09-07&quot;)" computerName="LAPTOP-HI37VNPC" duration="00:00:00.0047078" startTime="2026-10-03T09:24:49.4374474+05:30" endTime="2026-10-03T09:24:49.4420482+05:30" testType="13cdc9d9-ddb5-4fa4-a97d-d965ccfc6d4b" outcome="Passed" testListId="8c84fa94-04c1-424b-9868-57a2d4851a1d" relativeResultsDirectory="939aacd4-08df-4ee5-b994-23ef4a950fce" />
    <UnitTestResult executionId="6a1076e8-7be9-4ff5-a36f-7abd565d7a5f" testId="f5234109-5a99-2a2a-a174-0362ec226d11" testName="backend.Tests.services.AnalyticsServicesTests.GetFlagsAsync_PagesNewestFirst_AndFiltersByStatus" computerName="LAPTOP-HI37VNPC" duration="00:00:00.0270273" startTime="2026-10-03T09:24:49.4908496+05:30" endTime="2026-10-03T09:24:49.5178583+05:30" testType="13cdc9d9-ddb5-4fa4-a97d-d965ccfc6d4b" outcome="Passed" testListId="8c84fa94-04c1-424b-9868-57a2d4851a1d" relativeResultsDirectory="6a1076e8-7be9-4ff5-a36f-7abd565d7a5f" />
    <UnitTestResult executionId="81d94884-eb1a-4f9d-8a95-ab6a070bd963" testId="9ab74648-6411-1ff2-9c4e-1ea773c909b6" testName="backend.Tests.services.AnalyticsServicesTests.UpdateStatusAsync_RejectsOpenNumbersAndUnknownNames(input: &quot;Open&quot;)" computerName="LAPTOP-HI37VNPC" duration="00:00:00.0321685" startTime="2026-10-03T09:24:49.3691335+05:30" endTime="2026-10-03T09:24:49.4011371+05:30" testType="13cdc9d9-ddb5-4fa4-a97d-d965ccfc6d4b" outcome="Passed" testListId="8c84fa94-04c1-424b-9868-57a2d4851a1d" relativeResultsDirectory="81d94884-eb1a-4f9d-8a95-ab6a070bd963" />
    <UnitTestResult executionId="c514358b-3e73-4354-86e7-7a34a3812089" testId="05f5f0de-c914-0145-9a62-109ea37ce648" testName="backend.Tests.services.AnalyticsServicesTests.GetSnapshotsAsync_RejectsARangeWhereFromIsAfterTo" computerName="LAPTOP-HI37VNPC" duration="00:00:00.0020131" startTime="2026-10-03T09:24:49.2465782+05:30" endTime="2026-10-03T09:24:49.2482986+05:30" testType="13cdc9d9-ddb5-4fa4-a97d-d965ccfc6d4b" outcome="Passed" testListId="8c84fa94-04c1-424b-9868-57a2d4851a1d" relativeResultsDirectory="c514358b-3e73-4354-86e7-7a34a3812089" />
    <UnitTestResult executionId="30f133f9-2bf7-4e80-8b4f-7914b32a1ad8" testId="4efd4fd5-01a1-69dc-8d30-d78bfca62a18" testName="backend.Tests.services.AnalyticsServicesTests.GetFlagsAsync_RejectsInvalidPaging(page: 1, size: 101)" computerName="LAPTOP-HI37VNPC" duration="00:00:00.0001740" startTime="2026-10-03T09:24:47.9644946+05:30" endTime="2026-10-03T09:24:47.9645351+05:30" testType="13cdc9d9-ddb5-4fa4-a97d-d965ccfc6d4b" outcome="Passed" testListId="8c84fa94-04c1-424b-9868-57a2d4851a1d" relativeResultsDirectory="30f133f9-2bf7-4e80-8b4f-7914b32a1ad8" />
    <UnitTestResult executionId="bda4ae0c-5440-4aa3-ba63-4df4b00fc236" testId="3dac5c9d-b748-f6b1-402a-03a8ce4d7170" testName="backend.Tests.services.AnalyticsServicesTests.BuildPoints_WeightsTheAverageBySampleCount" computerName="LAPTOP-HI37VNPC" duration="00:00:00.0007500" startTime="2026-10-03T09:24:49.5323081+05:30" endTime="2026-10-03T09:24:49.5329418+05:30" testType="13cdc9d9-ddb5-4fa4-a97d-d965ccfc6d4b" outcome="Passed" testListId="8c84fa94-04c1-424b-9868-57a2d4851a1d" relativeResultsDirectory="bda4ae0c-5440-4aa3-ba63-4df4b00fc236" />
    <UnitTestResult executionId="75309819-cb49-471d-8cb9-72ff9a78c61b" testId="48f07dc8-8d0b-3238-ce87-5914bc6bffe8" testName="backend.Tests.services.AnalyticsServicesTests.EvaluateListingAsync_ClampsAnExtremeDeviationToWhatTheColumnCanStore" computerName="LAPTOP-HI37VNPC" duration="00:00:00.0012783" startTime="2026-10-03T09:24:49.5310354+05:30" endTime="2026-10-03T09:24:49.5321401+05:30" testType="13cdc9d9-ddb5-4fa4-a97d-d965ccfc6d4b" outcome="Passed" testListId="8c84fa94-04c1-424b-9868-57a2d4851a1d" relativeResultsDirectory="75309819-cb49-471d-8cb9-72ff9a78c61b" />
    <UnitTestResult executionId="7533a789-61bd-416d-9bb1-cd73f576713e" testId="6094ca98-ea76-3247-e264-28795d37d4db" testName="backend.Tests.services.AnalyticsServicesTests.UpdateStatusAsync_RejectsOpenNumbersAndUnknownNames(input: &quot;Banana&quot;)" computerName="LAPTOP-HI37VNPC" duration="00:00:00.0004255" startTime="2026-10-03T09:24:49.4021338+05:30" endTime="2026-10-03T09:24:49.4024763+05:30" testType="13cdc9d9-ddb5-4fa4-a97d-d965ccfc6d4b" outcome="Passed" testListId="8c84fa94-04c1-424b-9868-57a2d4851a1d" relativeResultsDirectory="7533a789-61bd-416d-9bb1-cd73f576713e" />
    <UnitTestResult executionId="e87d5565-8d78-4804-a7f2-7a832df1f1bd" testId="8a6248e8-e166-4d14-d1d1-8cbb598d3a96" testName="backend.Tests.services.AnalyticsServicesTests.UpdateStatusAsync_RejectsOpenNumbersAndUnknownNames(input: &quot;1&quot;)" computerName="LAPTOP-HI37VNPC" duration="00:00:00.0008215" startTime="2026-10-03T09:24:49.4013218+05:30" endTime="2026-10-03T09:24:49.4020059+05:30" testType="13cdc9d9-ddb5-4fa4-a97d-d965ccfc6d4b" outcome="Passed" testListId="8c84fa94-04c1-424b-9868-57a2d4851a1d" relativeResultsDirectory="e87d5565-8d78-4804-a7f2-7a832df1f1bd" />
    <UnitTestResult executionId="2a855192-8313-4e69-b288-eee568d59e24" testId="54fe7fcf-96a1-0342-15dd-b15210cccaba" testName="backend.Tests.services.AnalyticsServicesTests.EvaluateListingAsync_UsesTheConfiguredThreshold" computerName="LAPTOP-HI37VNPC" duration="00:00:01.2875152" startTime="2026-10-03T09:24:47.9661691+05:30" endTime="2026-10-03T09:24:49.2462528+05:30" testType="13cdc9d9-ddb5-4fa4-a97d-d965ccfc6d4b" outcome="Passed" testListId="8c84fa94-04c1-424b-9868-57a2d4851a1d" relativeResultsDirectory="2a855192-8313-4e69-b288-eee568d59e24" />
    <UnitTestResult executionId="ac4fbe4c-bb68-4859-9123-467333116a8f" testId="09887aab-a086-5291-edc6-5ecf5e9fbd7d" testName="backend.Tests.services.AnalyticsServicesTests.EvaluateListingAsync_ExactlyAtTheThreshold_IsNotFlagged" computerName="LAPTOP-HI37VNPC" duration="00:00:00.0057931" startTime="2026-10-03T09:24:49.4040932+05:30" endTime="2026-10-03T09:24:49.4098062+05:30" testType="13cdc9d9-ddb5-4fa4-a97d-d965ccfc6d4b" outcome="Passed" testListId="8c84fa94-04c1-424b-9868-57a2d4851a1d" relativeResultsDirectory="ac4fbe4c-bb68-4859-9123-467333116a8f" />
    <UnitTestResult executionId="1a19c2d7-05f8-44ed-9327-f70e01c0722b" testId="b3f04618-64e8-4398-c6ca-f46b59a73d62" testName="backend.Tests.services.AnalyticsServicesTests.BuildPoints_LeavesAGapForAWeekWithNoData_NotAZeroPrice" computerName="LAPTOP-HI37VNPC" duration="00:00:00.0011167" startTime="2026-10-03T09:24:49.5331034+05:30" endTime="2026-10-03T09:24:49.5341165+05:30" testType="13cdc9d9-ddb5-4fa4-a97d-d965ccfc6d4b" outcome="Passed" testListId="8c84fa94-04c1-424b-9868-57a2d4851a1d" relativeResultsDirectory="1a19c2d7-05f8-44ed-9327-f70e01c0722b" />
    <UnitTestResult executionId="50ae83ea-e390-4223-9574-4ca91d892b6b" testId="4c73550c-3148-3f12-7b73-3f0ea480bde3" testName="backend.Tests.services.AnalyticsServicesTests.WeekStart_ReturnsTheMondayOfThatWeek(date: &quot;2026-09-09&quot;, expectedMonday: &quot;2026-09-07&quot;)" computerName="LAPTOP-HI37VNPC" duration="00:00:00.0002431" startTime="2026-10-03T09:24:49.4421692+05:30" endTime="2026-10-03T09:24:49.4423466+05:30" testType="13cdc9d9-ddb5-4fa4-a97d-d965ccfc6d4b" outcome="Passed" testListId="8c84fa94-04c1-424b-9868-57a2d4851a1d" relativeResultsDirectory="50ae83ea-e390-4223-9574-4ca91d892b6b" />
    <UnitTestResult executionId="44f9db6e-340e-4745-b181-56378e48de12" testId="fd21ab8d-9edb-6b40-09b5-7c418e685634" testName="backend.Tests.services.AnalyticsServicesTests.GetEventsAsync_RejectsAnUnknownTypeOrSeverity(type: &quot;flood&quot;, severity: null)" computerName="LAPTOP-HI37VNPC" duration="00:00:00.0005460" startTime="2026-10-03T09:24:49.4865062+05:30" endTime="2026-10-03T09:24:49.4869914+05:30" testType="13cdc9d9-ddb5-4fa4-a97d-d965ccfc6d4b" outcome="Passed" testListId="8c84fa94-04c1-424b-9868-57a2d4851a1d" relativeResultsDirectory="44f9db6e-340e-4745-b181-56378e48de12" />
    <UnitTestResult executionId="6e44cac2-3fe6-4223-a6eb-6c97fa9cae09" testId="42f66167-fef5-5f4a-ae00-7038add6884a" testName="backend.Tests.services.AnalyticsServicesTests.EvaluateListingAsync_JustAboveTheThreshold_CreatesAnOpenFlag" computerName="LAPTOP-HI37VNPC" duration="00:00:00.0013878" startTime="2026-10-03T09:24:49.4882903+05:30" endTime="2026-10-03T09:24:49.4894163+05:30" testType="13cdc9d9-ddb5-4fa4-a97d-d965ccfc6d4b" outcome="Passed" testListId="8c84fa94-04c1-424b-9868-57a2d4851a1d" relativeResultsDirectory="6e44cac2-3fe6-4223-a6eb-6c97fa9cae09" />
    <UnitTestResult executionId="786ca836-0f7e-42f7-b1bd-82f8f89dee27" testId="4c59d2c0-1627-0e3d-bf0a-95bfdb20c546" testName="backend.Tests.services.AnalyticsServicesTests.BuildPoints_RejectsAnUnknownBucket" computerName="LAPTOP-HI37VNPC" duration="00:00:00.0010071" startTime="2026-10-03T09:24:49.5342763+05:30" endTime="2026-10-03T09:24:49.5351794+05:30" testType="13cdc9d9-ddb5-4fa4-a97d-d965ccfc6d4b" outcome="Passed" testListId="8c84fa94-04c1-424b-9868-57a2d4851a1d" relativeResultsDirectory="786ca836-0f7e-42f7-b1bd-82f8f89dee27" />
  </Results>
  <TestDefinitions>
    <UnitTest name="backend.Tests.services.AnalyticsServicesTests.GetFlagsAsync_RejectsInvalidPaging(page: 1, size: 101)" storage="c:\users\yashodha\onedrive\documents\github\agriconnect\backend.tests\bin\debug\net10.0\backend.tests.dll" id="4efd4fd5-01a1-69dc-8d30-d78bfca62a18">
      <Execution id="30f133f9-2bf7-4e80-8b4f-7914b32a1ad8" />
      <TestMethod codeBase="C:\Users\Yashodha\OneDrive\Documents\GitHub\AgriConnect\backend.Tests\bin\Debug\net10.0\backend.Tests.dll" adapterTypeName="executor://xunit/VsTestRunner3/netcore/" className="backend.Tests.services.AnalyticsServicesTests" name="GetFlagsAsync_RejectsInvalidPaging" />
    </UnitTest>
    <UnitTest name="backend.Tests.services.AnalyticsServicesTests.CalculateDeviationPercent_IsRelativeToTheMidpointOfTheSuggestedRange(price: 125, min: 80, max: 120, expected: 25)" storage="c:\users\yashodha\onedrive\documents\github\agriconnect\backend.tests\bin\debug\net10.0\backend.tests.dll" id="10882e96-fdff-5b0e-9717-ac3791cee8ba">
      <Execution id="e7466417-1237-4c42-a553-85cbb3ceafa1" />
      <TestMethod codeBase="C:\Users\Yashodha\OneDrive\Documents\GitHub\AgriConnect\backend.Tests\bin\Debug\net10.0\backend.Tests.dll" adapterTypeName="executor://xunit/VsTestRunner3/netcore/" className="backend.Tests.services.AnalyticsServicesTests" name="CalculateDeviationPercent_IsRelativeToTheMidpointOfTheSuggestedRange" />
    </UnitTest>
    <UnitTest name="backend.Tests.services.AnalyticsServicesTests.EvaluateListingAsync_IsIdempotentWhileAFlagIsStillOpen" storage="c:\users\yashodha\onedrive\documents\github\agriconnect\backend.tests\bin\debug\net10.0\backend.tests.dll" id="c37b25ac-6191-1dd2-8cc1-0b18949639ca">
      <Execution id="64a17772-d671-42d4-9c21-da646206263a" />
      <TestMethod codeBase="C:\Users\Yashodha\OneDrive\Documents\GitHub\AgriConnect\backend.Tests\bin\Debug\net10.0\backend.Tests.dll" adapterTypeName="executor://xunit/VsTestRunner3/netcore/" className="backend.Tests.services.AnalyticsServicesTests" name="EvaluateListingAsync_IsIdempotentWhileAFlagIsStillOpen" />
    </UnitTest>
    <UnitTest name="backend.Tests.services.AnalyticsServicesTests.UpdateStatusAsync_RejectsOpenNumbersAndUnknownNames(input: &quot;Open&quot;)" storage="c:\users\yashodha\onedrive\documents\github\agriconnect\backend.tests\bin\debug\net10.0\backend.tests.dll" id="9ab74648-6411-1ff2-9c4e-1ea773c909b6">
      <Execution id="81d94884-eb1a-4f9d-8a95-ab6a070bd963" />
      <TestMethod codeBase="C:\Users\Yashodha\OneDrive\Documents\GitHub\AgriConnect\backend.Tests\bin\Debug\net10.0\backend.Tests.dll" adapterTypeName="executor://xunit/VsTestRunner3/netcore/" className="backend.Tests.services.AnalyticsServicesTests" name="UpdateStatusAsync_RejectsOpenNumbersAndUnknownNames" />
    </UnitTest>
    <UnitTest name="backend.Tests.services.AnalyticsServicesTests.EvaluateListingAsync_FlagsAPriceTooFarBelowTheRangeToo" storage="c:\users\yashodha\onedrive\documents\github\agriconnect\backend.tests\bin\debug\net10.0\backend.tests.dll" id="e2cf9c60-555a-861a-9994-0df4c800226c">
      <Execution id="f3054a9f-0915-4b03-8471-b72f27435f5b" />
      <TestMethod codeBase="C:\Users\Yashodha\OneDrive\Documents\GitHub\AgriConnect\backend.Tests\bin\Debug\net10.0\backend.Tests.dll" adapterTypeName="executor://xunit/VsTestRunner3/netcore/" className="backend.Tests.services.AnalyticsServicesTests" name="EvaluateListingAsync_FlagsAPriceTooFarBelowTheRangeToo" />
    </UnitTest>
    <UnitTest name="backend.Tests.services.AnalyticsServicesTests.UpdateStatusAsync_ForAMissingFlag_ThrowsNotFound" storage="c:\users\yashodha\onedrive\documents\github\agriconnect\backend.tests\bin\debug\net10.0\backend.tests.dll" id="c22c2212-a47d-5d63-7484-19f48f60d239">
      <Execution id="8cdce31b-7078-4257-9aa1-96d488fe704e" />
      <TestMethod codeBase="C:\Users\Yashodha\OneDrive\Documents\GitHub\AgriConnect\backend.Tests\bin\Debug\net10.0\backend.Tests.dll" adapterTypeName="executor://xunit/VsTestRunner3/netcore/" className="backend.Tests.services.AnalyticsServicesTests" name="UpdateStatusAsync_ForAMissingFlag_ThrowsNotFound" />
    </UnitTest>
    <UnitTest name="backend.Tests.services.AnalyticsServicesTests.UpdateStatusAsync_RejectsOpenNumbersAndUnknownNames(input: &quot;Banana&quot;)" storage="c:\users\yashodha\onedrive\documents\github\agriconnect\backend.tests\bin\debug\net10.0\backend.tests.dll" id="6094ca98-ea76-3247-e264-28795d37d4db">
      <Execution id="7533a789-61bd-416d-9bb1-cd73f576713e" />
      <TestMethod codeBase="C:\Users\Yashodha\OneDrive\Documents\GitHub\AgriConnect\backend.Tests\bin\Debug\net10.0\backend.Tests.dll" adapterTypeName="executor://xunit/VsTestRunner3/netcore/" className="backend.Tests.services.AnalyticsServicesTests" name="UpdateStatusAsync_RejectsOpenNumbersAndUnknownNames" />
    </UnitTest>
    <UnitTest name="backend.Tests.services.AnalyticsServicesTests.AggregateAsync_WithNoData_WritesNothing" storage="c:\users\yashodha\onedrive\documents\github\agriconnect\backend.tests\bin\debug\net10.0\backend.tests.dll" id="b2259cf3-ab94-7182-eb1c-b76678606117">
      <Execution id="6661c793-98c9-4e3b-97c8-70730d44f050" />
      <TestMethod codeBase="C:\Users\Yashodha\OneDrive\Documents\GitHub\AgriConnect\backend.Tests\bin\Debug\net10.0\backend.Tests.dll" adapterTypeName="executor://xunit/VsTestRunner3/netcore/" className="backend.Tests.services.AnalyticsServicesTests" name="AggregateAsync_WithNoData_WritesNothing" />
    </UnitTest>
    <UnitTest name="backend.Tests.services.AnalyticsServicesTests.EvaluateListingAsync_JustAboveTheThreshold_CreatesAnOpenFlag" storage="c:\users\yashodha\onedrive\documents\github\agriconnect\backend.tests\bin\debug\net10.0\backend.tests.dll" id="42f66167-fef5-5f4a-ae00-7038add6884a">
      <Execution id="6e44cac2-3fe6-4223-a6eb-6c97fa9cae09" />
      <TestMethod codeBase="C:\Users\Yashodha\OneDrive\Documents\GitHub\AgriConnect\backend.Tests\bin\Debug\net10.0\backend.Tests.dll" adapterTypeName="executor://xunit/VsTestRunner3/netcore/" className="backend.Tests.services.AnalyticsServicesTests" name="EvaluateListingAsync_JustAboveTheThreshold_CreatesAnOpenFlag" />
    </UnitTest>
    <UnitTest name="backend.Tests.services.AnalyticsServicesTests.WeekStart_ReturnsTheMondayOfThatWeek(date: &quot;2026-09-09&quot;, expectedMonday: &quot;2026-09-07&quot;)" storage="c:\users\yashodha\onedrive\documents\github\agriconnect\backend.tests\bin\debug\net10.0\backend.tests.dll" id="4c73550c-3148-3f12-7b73-3f0ea480bde3">
      <Execution id="50ae83ea-e390-4223-9574-4ca91d892b6b" />
      <TestMethod codeBase="C:\Users\Yashodha\OneDrive\Documents\GitHub\AgriConnect\backend.Tests\bin\Debug\net10.0\backend.Tests.dll" adapterTypeName="executor://xunit/VsTestRunner3/netcore/" className="backend.Tests.services.AnalyticsServicesTests" name="WeekStart_ReturnsTheMondayOfThatWeek" />
    </UnitTest>
    <UnitTest name="backend.Tests.services.AnalyticsServicesTests.BuildPoints_MonthBucketGroupsByTheFirstOfTheMonth" storage="c:\users\yashodha\onedrive\documents\github\agriconnect\backend.tests\bin\debug\net10.0\backend.tests.dll" id="acee078a-0aea-c27e-1412-b22f9471384a">
      <Execution id="0f3c3846-120c-48d2-bc34-4ae141153a95" />
      <TestMethod codeBase="C:\Users\Yashodha\OneDrive\Documents\GitHub\AgriConnect\backend.Tests\bin\Debug\net10.0\backend.Tests.dll" adapterTypeName="executor://xunit/VsTestRunner3/netcore/" className="backend.Tests.services.AnalyticsServicesTests" name="BuildPoints_MonthBucketGroupsByTheFirstOfTheMonth" />
    </UnitTest>
    <UnitTest name="backend.Tests.services.AnalyticsServicesTests.CalculateDeviationPercent_IsRelativeToTheMidpointOfTheSuggestedRange(price: 100, min: 80, max: 120, expected: 0)" storage="c:\users\yashodha\onedrive\documents\github\agriconnect\backend.tests\bin\debug\net10.0\backend.tests.dll" id="98f2625f-e111-7903-bacd-ce61aedf670a">
      <Execution id="86abad07-fda7-467a-9107-387aad024445" />
      <TestMethod codeBase="C:\Users\Yashodha\OneDrive\Documents\GitHub\AgriConnect\backend.Tests\bin\Debug\net10.0\backend.Tests.dll" adapterTypeName="executor://xunit/VsTestRunner3/netcore/" className="backend.Tests.services.AnalyticsServicesTests" name="CalculateDeviationPercent_IsRelativeToTheMidpointOfTheSuggestedRange" />
    </UnitTest>
    <UnitTest name="backend.Tests.services.AnalyticsServicesTests.CalculateDeviationPercent_RejectsANonPositiveSuggestedRange(min: -10, max: -2)" storage="c:\users\yashodha\onedrive\documents\github\agriconnect\backend.tests\bin\debug\net10.0\backend.tests.dll" id="e2699f90-3153-6ffe-b650-5ca8452501aa">
      <Execution id="b66ebf25-f35c-4024-b3f0-a89fc5562d70" />
      <TestMethod codeBase="C:\Users\Yashodha\OneDrive\Documents\GitHub\AgriConnect\backend.Tests\bin\Debug\net10.0\backend.Tests.dll" adapterTypeName="executor://xunit/VsTestRunner3/netcore/" className="backend.Tests.services.AnalyticsServicesTests" name="CalculateDeviationPercent_RejectsANonPositiveSuggestedRange" />
    </UnitTest>
    <UnitTest name="backend.Tests.services.AnalyticsServicesTests.EvaluateListingAsync_ClampsAnExtremeDeviationToWhatTheColumnCanStore" storage="c:\users\yashodha\onedrive\documents\github\agriconnect\backend.tests\bin\debug\net10.0\backend.tests.dll" id="48f07dc8-8d0b-3238-ce87-5914bc6bffe8">
      <Execution id="75309819-cb49-471d-8cb9-72ff9a78c61b" />
      <TestMethod codeBase="C:\Users\Yashodha\OneDrive\Documents\GitHub\AgriConnect\backend.Tests\bin\Debug\net10.0\backend.Tests.dll" adapterTypeName="executor://xunit/VsTestRunner3/netcore/" className="backend.Tests.services.AnalyticsServicesTests" name="EvaluateListingAsync_ClampsAnExtremeDeviationToWhatTheColumnCanStore" />
    </UnitTest>
    <UnitTest name="backend.Tests.services.AnalyticsServicesTests.UpdateStatusAsync_AcceptsReviewedOrDismissed_CaseInsensitively(input: &quot;Reviewed&quot;, expected: Reviewed)" storage="c:\users\yashodha\onedrive\documents\github\agriconnect\backend.tests\bin\debug\net10.0\backend.tests.dll" id="9d8386c2-194e-2126-afc6-aee9ccc13066">
      <Execution id="a5e5f45c-b141-47dd-b733-bcb6b0c82470" />
      <TestMethod codeBase="C:\Users\Yashodha\OneDrive\Documents\GitHub\AgriConnect\backend.Tests\bin\Debug\net10.0\backend.Tests.dll" adapterTypeName="executor://xunit/VsTestRunner3/netcore/" className="backend.Tests.services.AnalyticsServicesTests" name="UpdateStatusAsync_AcceptsReviewedOrDismissed_CaseInsensitively" />
    </UnitTest>
    <UnitTest name="backend.Tests.services.AnalyticsServicesTests.BuildPoints_RejectsAnUnknownBucket" storage="c:\users\yashodha\onedrive\documents\github\agriconnect\backend.tests\bin\debug\net10.0\backend.tests.dll" id="4c59d2c0-1627-0e3d-bf0a-95bfdb20c546">
      <Execution id="786ca836-0f7e-42f7-b1bd-82f8f89dee27" />
      <TestMethod codeBase="C:\Users\Yashodha\OneDrive\Documents\GitHub\AgriConnect\backend.Tests\bin\Debug\net10.0\backend.Tests.dll" adapterTypeName="executor://xunit/VsTestRunner3/netcore/" className="backend.Tests.services.AnalyticsServicesTests" name="BuildPoints_RejectsAnUnknownBucket" />
    </UnitTest>
    <UnitTest name="backend.Tests.services.AnalyticsServicesTests.WeekStart_ReturnsTheMondayOfThatWeek(date: &quot;2026-09-13&quot;, expectedMonday: &quot;2026-09-07&quot;)" storage="c:\users\yashodha\onedrive\documents\github\agriconnect\backend.tests\bin\debug\net10.0\backend.tests.dll" id="a7848b3e-5a6f-316b-ab17-2383b5fa76c6">
      <Execution id="24bba5e7-d033-4e59-b023-788c0ada6f60" />
      <TestMethod codeBase="C:\Users\Yashodha\OneDrive\Documents\GitHub\AgriConnect\backend.Tests\bin\Debug\net10.0\backend.Tests.dll" adapterTypeName="executor://xunit/VsTestRunner3/netcore/" className="backend.Tests.services.AnalyticsServicesTests" name="WeekStart_ReturnsTheMondayOfThatWeek" />
    </UnitTest>
    <UnitTest name="backend.Tests.services.AnalyticsServicesTests.AggregateAsync_OnAlreadyWeeklyData_IsARepeatableNoOpRewrite" storage="c:\users\yashodha\onedrive\documents\github\agriconnect\backend.tests\bin\debug\net10.0\backend.tests.dll" id="304849e0-a197-aeb6-d2b3-33fb7c5ef01f">
      <Execution id="d1acbdc5-28d8-47f2-b198-4d085aae8f19" />
      <TestMethod codeBase="C:\Users\Yashodha\OneDrive\Documents\GitHub\AgriConnect\backend.Tests\bin\Debug\net10.0\backend.Tests.dll" adapterTypeName="executor://xunit/VsTestRunner3/netcore/" className="backend.Tests.services.AnalyticsServicesTests" name="AggregateAsync_OnAlreadyWeeklyData_IsARepeatableNoOpRewrite" />
    </UnitTest>
    <UnitTest name="backend.Tests.services.AnalyticsServicesTests.GetSnapshotsAsync_FiltersByCropRegionAndRange_AndSkipsEmptyWeeks" storage="c:\users\yashodha\onedrive\documents\github\agriconnect\backend.tests\bin\debug\net10.0\backend.tests.dll" id="fd98cf7f-807f-1a40-d1c9-73258a817d15">
      <Execution id="961c9982-189a-4bcb-ae1b-5991f7e927f6" />
      <TestMethod codeBase="C:\Users\Yashodha\OneDrive\Documents\GitHub\AgriConnect\backend.Tests\bin\Debug\net10.0\backend.Tests.dll" adapterTypeName="executor://xunit/VsTestRunner3/netcore/" className="backend.Tests.services.AnalyticsServicesTests" name="GetSnapshotsAsync_FiltersByCropRegionAndRange_AndSkipsEmptyWeeks" />
    </UnitTest>
    <UnitTest name="backend.Tests.services.AnalyticsServicesTests.CalculateDeviationPercent_RejectsANonPositiveSuggestedRange(min: 0, max: 0)" storage="c:\users\yashodha\onedrive\documents\github\agriconnect\backend.tests\bin\debug\net10.0\backend.tests.dll" id="2ec3d167-6801-0fe0-36ba-5391cdc884a0">
      <Execution id="718097f2-e202-4fc8-a5cc-c909cce545e0" />
      <TestMethod codeBase="C:\Users\Yashodha\OneDrive\Documents\GitHub\AgriConnect\backend.Tests\bin\Debug\net10.0\backend.Tests.dll" adapterTypeName="executor://xunit/VsTestRunner3/netcore/" className="backend.Tests.services.AnalyticsServicesTests" name="CalculateDeviationPercent_RejectsANonPositiveSuggestedRange" />
    </UnitTest>
    <UnitTest name="backend.Tests.services.AnalyticsServicesTests.GetEventsAsync_ReturnsNewestFirst_AndFiltersByCropRegionTypeAndSeverity" storage="c:\users\yashodha\onedrive\documents\github\agriconnect\backend.tests\bin\debug\net10.0\backend.tests.dll" id="1adc9585-a459-f1fa-cfeb-2193f84194be">
      <Execution id="2abfaa52-cf1f-47d8-962e-9cbebcac0287" />
      <TestMethod codeBase="C:\Users\Yashodha\OneDrive\Documents\GitHub\AgriConnect\backend.Tests\bin\Debug\net10.0\backend.Tests.dll" adapterTypeName="executor://xunit/VsTestRunner3/netcore/" className="backend.Tests.services.AnalyticsServicesTests" name="GetEventsAsync_ReturnsNewestFirst_AndFiltersByCropRegionTypeAndSeverity" />
    </UnitTest>
    <UnitTest name="backend.Tests.services.AnalyticsServicesTests.EvaluateListingAsync_ExactlyAtTheThreshold_IsNotFlagged" storage="c:\users\yashodha\onedrive\documents\github\agriconnect\backend.tests\bin\debug\net10.0\backend.tests.dll" id="09887aab-a086-5291-edc6-5ecf5e9fbd7d">
      <Execution id="ac4fbe4c-bb68-4859-9123-467333116a8f" />
      <TestMethod codeBase="C:\Users\Yashodha\OneDrive\Documents\GitHub\AgriConnect\backend.Tests\bin\Debug\net10.0\backend.Tests.dll" adapterTypeName="executor://xunit/VsTestRunner3/netcore/" className="backend.Tests.services.AnalyticsServicesTests" name="EvaluateListingAsync_ExactlyAtTheThreshold_IsNotFlagged" />
    </UnitTest>
    <UnitTest name="backend.Tests.services.AnalyticsServicesTests.GetSnapshotsAsync_RejectsARangeWhereFromIsAfterTo" storage="c:\users\yashodha\onedrive\documents\github\agriconnect\backend.tests\bin\debug\net10.0\backend.tests.dll" id="05f5f0de-c914-0145-9a62-109ea37ce648">
      <Execution id="c514358b-3e73-4354-86e7-7a34a3812089" />
      <TestMethod codeBase="C:\Users\Yashodha\OneDrive\Documents\GitHub\AgriConnect\backend.Tests\bin\Debug\net10.0\backend.Tests.dll" adapterTypeName="executor://xunit/VsTestRunner3/netcore/" className="backend.Tests.services.AnalyticsServicesTests" name="GetSnapshotsAsync_RejectsARangeWhereFromIsAfterTo" />
    </UnitTest>
    <UnitTest name="backend.Tests.services.AnalyticsServicesTests.GetFlagsAsync_RejectsInvalidPaging(page: 1, size: 0)" storage="c:\users\yashodha\onedrive\documents\github\agriconnect\backend.tests\bin\debug\net10.0\backend.tests.dll" id="b348ad6d-646e-4c0c-3048-7d6249ed3dac">
      <Execution id="c888ece2-031a-4b0e-80d8-1b6ba35123a5" />
      <TestMethod codeBase="C:\Users\Yashodha\OneDrive\Documents\GitHub\AgriConnect\backend.Tests\bin\Debug\net10.0\backend.Tests.dll" adapterTypeName="executor://xunit/VsTestRunner3/netcore/" className="backend.Tests.services.AnalyticsServicesTests" name="GetFlagsAsync_RejectsInvalidPaging" />
    </UnitTest>
    <UnitTest name="backend.Tests.services.AnalyticsServicesTests.UpdateStatusAsync_RejectsOpenNumbersAndUnknownNames(input: &quot;1&quot;)" storage="c:\users\yashodha\onedrive\documents\github\agriconnect\backend.tests\bin\debug\net10.0\backend.tests.dll" id="8a6248e8-e166-4d14-d1d1-8cbb598d3a96">
      <Execution id="e87d5565-8d78-4804-a7f2-7a832df1f1bd" />
      <TestMethod codeBase="C:\Users\Yashodha\OneDrive\Documents\GitHub\AgriConnect\backend.Tests\bin\Debug\net10.0\backend.Tests.dll" adapterTypeName="executor://xunit/VsTestRunner3/netcore/" className="backend.Tests.services.AnalyticsServicesTests" name="UpdateStatusAsync_RejectsOpenNumbersAndUnknownNames" />
    </UnitTest>
    <UnitTest name="backend.Tests.services.AnalyticsServicesTests.GetEventsAsync_RejectsAnUnknownTypeOrSeverity(type: &quot;flood&quot;, severity: null)" storage="c:\users\yashodha\onedrive\documents\github\agriconnect\backend.tests\bin\debug\net10.0\backend.tests.dll" id="fd21ab8d-9edb-6b40-09b5-7c418e685634">
      <Execution id="44f9db6e-340e-4745-b181-56378e48de12" />
      <TestMethod codeBase="C:\Users\Yashodha\OneDrive\Documents\GitHub\AgriConnect\backend.Tests\bin\Debug\net10.0\backend.Tests.dll" adapterTypeName="executor://xunit/VsTestRunner3/netcore/" className="backend.Tests.services.AnalyticsServicesTests" name="GetEventsAsync_RejectsAnUnknownTypeOrSeverity" />
    </UnitTest>
    <UnitTest name="backend.Tests.services.AnalyticsServicesTests.WeekStart_ReturnsTheMondayOfThatWeek(date: &quot;2026-09-07&quot;, expectedMonday: &quot;2026-09-07&quot;)" storage="c:\users\yashodha\onedrive\documents\github\agriconnect\backend.tests\bin\debug\net10.0\backend.tests.dll" id="64ef6313-9d3a-c9c3-4038-fcfbc772416e">
      <Execution id="939aacd4-08df-4ee5-b994-23ef4a950fce" />
      <TestMethod codeBase="C:\Users\Yashodha\OneDrive\Documents\GitHub\AgriConnect\backend.Tests\bin\Debug\net10.0\backend.Tests.dll" adapterTypeName="executor://xunit/VsTestRunner3/netcore/" className="backend.Tests.services.AnalyticsServicesTests" name="WeekStart_ReturnsTheMondayOfThatWeek" />
    </UnitTest>
    <UnitTest name="backend.Tests.services.AnalyticsServicesTests.GetFlagsAsync_RejectsInvalidPaging(page: -1, size: 10)" storage="c:\users\yashodha\onedrive\documents\github\agriconnect\backend.tests\bin\debug\net10.0\backend.tests.dll" id="7612cc7e-13a6-d9c8-2869-ad99e2f33bc0">
      <Execution id="7932bf23-16a8-4440-ab20-8845e48ee77b" />
      <TestMethod codeBase="C:\Users\Yashodha\OneDrive\Documents\GitHub\AgriConnect\backend.Tests\bin\Debug\net10.0\backend.Tests.dll" adapterTypeName="executor://xunit/VsTestRunner3/netcore/" className="backend.Tests.services.AnalyticsServicesTests" name="GetFlagsAsync_RejectsInvalidPaging" />
    </UnitTest>
    <UnitTest name="backend.Tests.services.AnalyticsServicesTests.BuildPoints_LeavesAGapForAWeekWithNoData_NotAZeroPrice" storage="c:\users\yashodha\onedrive\documents\github\agriconnect\backend.tests\bin\debug\net10.0\backend.tests.dll" id="b3f04618-64e8-4398-c6ca-f46b59a73d62">
      <Execution id="1a19c2d7-05f8-44ed-9327-f70e01c0722b" />
      <TestMethod codeBase="C:\Users\Yashodha\OneDrive\Documents\GitHub\AgriConnect\backend.Tests\bin\Debug\net10.0\backend.Tests.dll" adapterTypeName="executor://xunit/VsTestRunner3/netcore/" className="backend.Tests.services.AnalyticsServicesTests" name="BuildPoints_LeavesAGapForAWeekWithNoData_NotAZeroPrice" />
    </UnitTest>
    <UnitTest name="backend.Tests.services.AnalyticsServicesTests.GetEventsAsync_RejectsAnUnknownTypeOrSeverity(type: null, severity: &quot;extreme&quot;)" storage="c:\users\yashodha\onedrive\documents\github\agriconnect\backend.tests\bin\debug\net10.0\backend.tests.dll" id="5184b2b7-e115-26c6-ebf4-2bdb013dfd32">
      <Execution id="bf7e6dcb-8680-4eb5-861e-2c7c9a520d9e" />
      <TestMethod codeBase="C:\Users\Yashodha\OneDrive\Documents\GitHub\AgriConnect\backend.Tests\bin\Debug\net10.0\backend.Tests.dll" adapterTypeName="executor://xunit/VsTestRunner3/netcore/" className="backend.Tests.services.AnalyticsServicesTests" name="GetEventsAsync_RejectsAnUnknownTypeOrSeverity" />
    </UnitTest>
    <UnitTest name="backend.Tests.services.AnalyticsServicesTests.GetFlagsAsync_PagesNewestFirst_AndFiltersByStatus" storage="c:\users\yashodha\onedrive\documents\github\agriconnect\backend.tests\bin\debug\net10.0\backend.tests.dll" id="f5234109-5a99-2a2a-a174-0362ec226d11">
      <Execution id="6a1076e8-7be9-4ff5-a36f-7abd565d7a5f" />
      <TestMethod codeBase="C:\Users\Yashodha\OneDrive\Documents\GitHub\AgriConnect\backend.Tests\bin\Debug\net10.0\backend.Tests.dll" adapterTypeName="executor://xunit/VsTestRunner3/netcore/" className="backend.Tests.services.AnalyticsServicesTests" name="GetFlagsAsync_PagesNewestFirst_AndFiltersByStatus" />
    </UnitTest>
    <UnitTest name="backend.Tests.services.AnalyticsServicesTests.BuildPoints_WeightsTheAverageBySampleCount" storage="c:\users\yashodha\onedrive\documents\github\agriconnect\backend.tests\bin\debug\net10.0\backend.tests.dll" id="3dac5c9d-b748-f6b1-402a-03a8ce4d7170">
      <Execution id="bda4ae0c-5440-4aa3-ba63-4df4b00fc236" />
      <TestMethod codeBase="C:\Users\Yashodha\OneDrive\Documents\GitHub\AgriConnect\backend.Tests\bin\Debug\net10.0\backend.Tests.dll" adapterTypeName="executor://xunit/VsTestRunner3/netcore/" className="backend.Tests.services.AnalyticsServicesTests" name="BuildPoints_WeightsTheAverageBySampleCount" />
    </UnitTest>
    <UnitTest name="backend.Tests.services.AnalyticsServicesTests.GetFlagsAsync_RejectsInvalidPaging(page: 0, size: 10)" storage="c:\users\yashodha\onedrive\documents\github\agriconnect\backend.tests\bin\debug\net10.0\backend.tests.dll" id="55c0ddba-f4a4-c702-f2d2-a9593bffae72">
      <Execution id="de4a03ec-b8ab-4d51-86ca-73ee694d778d" />
      <TestMethod codeBase="C:\Users\Yashodha\OneDrive\Documents\GitHub\AgriConnect\backend.Tests\bin\Debug\net10.0\backend.Tests.dll" adapterTypeName="executor://xunit/VsTestRunner3/netcore/" className="backend.Tests.services.AnalyticsServicesTests" name="GetFlagsAsync_RejectsInvalidPaging" />
    </UnitTest>
    <UnitTest name="backend.Tests.services.AnalyticsServicesTests.WeekStart_ReturnsTheMondayOfThatWeek(date: &quot;2026-09-14&quot;, expectedMonday: &quot;2026-09-14&quot;)" storage="c:\users\yashodha\onedrive\documents\github\agriconnect\backend.tests\bin\debug\net10.0\backend.tests.dll" id="85caf1da-261e-75fe-5761-2c14d36ec245">
      <Execution id="4fb8ae17-0173-441a-ab2a-a98e506706e7" />
      <TestMethod codeBase="C:\Users\Yashodha\OneDrive\Documents\GitHub\AgriConnect\backend.Tests\bin\Debug\net10.0\backend.Tests.dll" adapterTypeName="executor://xunit/VsTestRunner3/netcore/" className="backend.Tests.services.AnalyticsServicesTests" name="WeekStart_ReturnsTheMondayOfThatWeek" />
    </UnitTest>
    <UnitTest name="backend.Tests.services.AnalyticsServicesTests.GetEventsAsync_RejectsAnUnknownTypeOrSeverity(type: &quot;0&quot;, severity: null)" storage="c:\users\yashodha\onedrive\documents\github\agriconnect\backend.tests\bin\debug\net10.0\backend.tests.dll" id="172de459-70fd-de22-7152-0cc62f01d147">
      <Execution id="8d337e14-3c26-4529-a3e3-27512822879a" />
      <TestMethod codeBase="C:\Users\Yashodha\OneDrive\Documents\GitHub\AgriConnect\backend.Tests\bin\Debug\net10.0\backend.Tests.dll" adapterTypeName="executor://xunit/VsTestRunner3/netcore/" className="backend.Tests.services.AnalyticsServicesTests" name="GetEventsAsync_RejectsAnUnknownTypeOrSeverity" />
    </UnitTest>
    <UnitTest name="backend.Tests.services.AnalyticsServicesTests.EvaluateListingAsync_UsesTheConfiguredThreshold" storage="c:\users\yashodha\onedrive\documents\github\agriconnect\backend.tests\bin\debug\net10.0\backend.tests.dll" id="54fe7fcf-96a1-0342-15dd-b15210cccaba">
      <Execution id="2a855192-8313-4e69-b288-eee568d59e24" />
      <TestMethod codeBase="C:\Users\Yashodha\OneDrive\Documents\GitHub\AgriConnect\backend.Tests\bin\Debug\net10.0\backend.Tests.dll" adapterTypeName="executor://xunit/VsTestRunner3/netcore/" className="backend.Tests.services.AnalyticsServicesTests" name="EvaluateListingAsync_UsesTheConfiguredThreshold" />
    </UnitTest>
    <UnitTest name="backend.Tests.services.AnalyticsServicesTests.UpdateStatusAsync_AcceptsReviewedOrDismissed_CaseInsensitively(input: &quot;dismissed&quot;, expected: Dismissed)" storage="c:\users\yashodha\onedrive\documents\github\agriconnect\backend.tests\bin\debug\net10.0\backend.tests.dll" id="880be246-bae9-2dde-77b8-77d026cfb7dd">
      <Execution id="0624efb6-1b34-4514-9919-dd1764e7d1e3" />
      <TestMethod codeBase="C:\Users\Yashodha\OneDrive\Documents\GitHub\AgriConnect\backend.Tests\bin\Debug\net10.0\backend.Tests.dll" adapterTypeName="executor://xunit/VsTestRunner3/netcore/" className="backend.Tests.services.AnalyticsServicesTests" name="UpdateStatusAsync_AcceptsReviewedOrDismissed_CaseInsensitively" />
    </UnitTest>
    <UnitTest name="backend.Tests.services.AnalyticsServicesTests.CalculateDeviationPercent_IsRelativeToTheMidpointOfTheSuggestedRange(price: 75, min: 80, max: 120, expected: -25)" storage="c:\users\yashodha\onedrive\documents\github\agriconnect\backend.tests\bin\debug\net10.0\backend.tests.dll" id="ba78e345-d690-d2d7-062d-84662d49c0fc">
      <Execution id="f5becad1-dd3c-4fdb-b05d-9ff950883fbf" />
      <TestMethod codeBase="C:\Users\Yashodha\OneDrive\Documents\GitHub\AgriConnect\backend.Tests\bin\Debug\net10.0\backend.Tests.dll" adapterTypeName="executor://xunit/VsTestRunner3/netcore/" className="backend.Tests.services.AnalyticsServicesTests" name="CalculateDeviationPercent_IsRelativeToTheMidpointOfTheSuggestedRange" />
    </UnitTest>
  </TestDefinitions>
  <TestEntries>
    <TestEntry testId="b348ad6d-646e-4c0c-3048-7d6249ed3dac" executionId="c888ece2-031a-4b0e-80d8-1b6ba35123a5" testListId="8c84fa94-04c1-424b-9868-57a2d4851a1d" />
    <TestEntry testId="a7848b3e-5a6f-316b-ab17-2383b5fa76c6" executionId="24bba5e7-d033-4e59-b023-788c0ada6f60" testListId="8c84fa94-04c1-424b-9868-57a2d4851a1d" />
    <TestEntry testId="98f2625f-e111-7903-bacd-ce61aedf670a" executionId="86abad07-fda7-467a-9107-387aad024445" testListId="8c84fa94-04c1-424b-9868-57a2d4851a1d" />
    <TestEntry testId="b2259cf3-ab94-7182-eb1c-b76678606117" executionId="6661c793-98c9-4e3b-97c8-70730d44f050" testListId="8c84fa94-04c1-424b-9868-57a2d4851a1d" />
    <TestEntry testId="7612cc7e-13a6-d9c8-2869-ad99e2f33bc0" executionId="7932bf23-16a8-4440-ab20-8845e48ee77b" testListId="8c84fa94-04c1-424b-9868-57a2d4851a1d" />
    <TestEntry testId="fd98cf7f-807f-1a40-d1c9-73258a817d15" executionId="961c9982-189a-4bcb-ae1b-5991f7e927f6" testListId="8c84fa94-04c1-424b-9868-57a2d4851a1d" />
    <TestEntry testId="c37b25ac-6191-1dd2-8cc1-0b18949639ca" executionId="64a17772-d671-42d4-9c21-da646206263a" testListId="8c84fa94-04c1-424b-9868-57a2d4851a1d" />
    <TestEntry testId="e2699f90-3153-6ffe-b650-5ca8452501aa" executionId="b66ebf25-f35c-4024-b3f0-a89fc5562d70" testListId="8c84fa94-04c1-424b-9868-57a2d4851a1d" />
    <TestEntry testId="2ec3d167-6801-0fe0-36ba-5391cdc884a0" executionId="718097f2-e202-4fc8-a5cc-c909cce545e0" testListId="8c84fa94-04c1-424b-9868-57a2d4851a1d" />
    <TestEntry testId="e2cf9c60-555a-861a-9994-0df4c800226c" executionId="f3054a9f-0915-4b03-8471-b72f27435f5b" testListId="8c84fa94-04c1-424b-9868-57a2d4851a1d" />
    <TestEntry testId="acee078a-0aea-c27e-1412-b22f9471384a" executionId="0f3c3846-120c-48d2-bc34-4ae141153a95" testListId="8c84fa94-04c1-424b-9868-57a2d4851a1d" />
    <TestEntry testId="1adc9585-a459-f1fa-cfeb-2193f84194be" executionId="2abfaa52-cf1f-47d8-962e-9cbebcac0287" testListId="8c84fa94-04c1-424b-9868-57a2d4851a1d" />
    <TestEntry testId="10882e96-fdff-5b0e-9717-ac3791cee8ba" executionId="e7466417-1237-4c42-a553-85cbb3ceafa1" testListId="8c84fa94-04c1-424b-9868-57a2d4851a1d" />
    <TestEntry testId="5184b2b7-e115-26c6-ebf4-2bdb013dfd32" executionId="bf7e6dcb-8680-4eb5-861e-2c7c9a520d9e" testListId="8c84fa94-04c1-424b-9868-57a2d4851a1d" />
    <TestEntry testId="880be246-bae9-2dde-77b8-77d026cfb7dd" executionId="0624efb6-1b34-4514-9919-dd1764e7d1e3" testListId="8c84fa94-04c1-424b-9868-57a2d4851a1d" />
    <TestEntry testId="172de459-70fd-de22-7152-0cc62f01d147" executionId="8d337e14-3c26-4529-a3e3-27512822879a" testListId="8c84fa94-04c1-424b-9868-57a2d4851a1d" />
    <TestEntry testId="9d8386c2-194e-2126-afc6-aee9ccc13066" executionId="a5e5f45c-b141-47dd-b733-bcb6b0c82470" testListId="8c84fa94-04c1-424b-9868-57a2d4851a1d" />
    <TestEntry testId="85caf1da-261e-75fe-5761-2c14d36ec245" executionId="4fb8ae17-0173-441a-ab2a-a98e506706e7" testListId="8c84fa94-04c1-424b-9868-57a2d4851a1d" />
    <TestEntry testId="c22c2212-a47d-5d63-7484-19f48f60d239" executionId="8cdce31b-7078-4257-9aa1-96d488fe704e" testListId="8c84fa94-04c1-424b-9868-57a2d4851a1d" />
    <TestEntry testId="ba78e345-d690-d2d7-062d-84662d49c0fc" executionId="f5becad1-dd3c-4fdb-b05d-9ff950883fbf" testListId="8c84fa94-04c1-424b-9868-57a2d4851a1d" />
    <TestEntry testId="55c0ddba-f4a4-c702-f2d2-a9593bffae72" executionId="de4a03ec-b8ab-4d51-86ca-73ee694d778d" testListId="8c84fa94-04c1-424b-9868-57a2d4851a1d" />
    <TestEntry testId="304849e0-a197-aeb6-d2b3-33fb7c5ef01f" executionId="d1acbdc5-28d8-47f2-b198-4d085aae8f19" testListId="8c84fa94-04c1-424b-9868-57a2d4851a1d" />
    <TestEntry testId="64ef6313-9d3a-c9c3-4038-fcfbc772416e" executionId="939aacd4-08df-4ee5-b994-23ef4a950fce" testListId="8c84fa94-04c1-424b-9868-57a2d4851a1d" />
    <TestEntry testId="f5234109-5a99-2a2a-a174-0362ec226d11" executionId="6a1076e8-7be9-4ff5-a36f-7abd565d7a5f" testListId="8c84fa94-04c1-424b-9868-57a2d4851a1d" />
    <TestEntry testId="9ab74648-6411-1ff2-9c4e-1ea773c909b6" executionId="81d94884-eb1a-4f9d-8a95-ab6a070bd963" testListId="8c84fa94-04c1-424b-9868-57a2d4851a1d" />
    <TestEntry testId="05f5f0de-c914-0145-9a62-109ea37ce648" executionId="c514358b-3e73-4354-86e7-7a34a3812089" testListId="8c84fa94-04c1-424b-9868-57a2d4851a1d" />
    <TestEntry testId="4efd4fd5-01a1-69dc-8d30-d78bfca62a18" executionId="30f133f9-2bf7-4e80-8b4f-7914b32a1ad8" testListId="8c84fa94-04c1-424b-9868-57a2d4851a1d" />
    <TestEntry testId="3dac5c9d-b748-f6b1-402a-03a8ce4d7170" executionId="bda4ae0c-5440-4aa3-ba63-4df4b00fc236" testListId="8c84fa94-04c1-424b-9868-57a2d4851a1d" />
    <TestEntry testId="48f07dc8-8d0b-3238-ce87-5914bc6bffe8" executionId="75309819-cb49-471d-8cb9-72ff9a78c61b" testListId="8c84fa94-04c1-424b-9868-57a2d4851a1d" />
    <TestEntry testId="6094ca98-ea76-3247-e264-28795d37d4db" executionId="7533a789-61bd-416d-9bb1-cd73f576713e" testListId="8c84fa94-04c1-424b-9868-57a2d4851a1d" />
    <TestEntry testId="8a6248e8-e166-4d14-d1d1-8cbb598d3a96" executionId="e87d5565-8d78-4804-a7f2-7a832df1f1bd" testListId="8c84fa94-04c1-424b-9868-57a2d4851a1d" />
    <TestEntry testId="54fe7fcf-96a1-0342-15dd-b15210cccaba" executionId="2a855192-8313-4e69-b288-eee568d59e24" testListId="8c84fa94-04c1-424b-9868-57a2d4851a1d" />
    <TestEntry testId="09887aab-a086-5291-edc6-5ecf5e9fbd7d" executionId="ac4fbe4c-bb68-4859-9123-467333116a8f" testListId="8c84fa94-04c1-424b-9868-57a2d4851a1d" />
    <TestEntry testId="b3f04618-64e8-4398-c6ca-f46b59a73d62" executionId="1a19c2d7-05f8-44ed-9327-f70e01c0722b" testListId="8c84fa94-04c1-424b-9868-57a2d4851a1d" />
    <TestEntry testId="4c73550c-3148-3f12-7b73-3f0ea480bde3" executionId="50ae83ea-e390-4223-9574-4ca91d892b6b" testListId="8c84fa94-04c1-424b-9868-57a2d4851a1d" />
    <TestEntry testId="fd21ab8d-9edb-6b40-09b5-7c418e685634" executionId="44f9db6e-340e-4745-b181-56378e48de12" testListId="8c84fa94-04c1-424b-9868-57a2d4851a1d" />
    <TestEntry testId="42f66167-fef5-5f4a-ae00-7038add6884a" executionId="6e44cac2-3fe6-4223-a6eb-6c97fa9cae09" testListId="8c84fa94-04c1-424b-9868-57a2d4851a1d" />
    <TestEntry testId="4c59d2c0-1627-0e3d-bf0a-95bfdb20c546" executionId="786ca836-0f7e-42f7-b1bd-82f8f89dee27" testListId="8c84fa94-04c1-424b-9868-57a2d4851a1d" />
  </TestEntries>
  <TestLists>
    <TestList name="Results Not in a List" id="8c84fa94-04c1-424b-9868-57a2d4851a1d" />
    <TestList name="All Loaded Results" id="19431567-8539-422a-85d7-44ee4e166bda" />
  </TestLists>
  <ResultSummary outcome="Completed">
    <Counters total="38" executed="38" passed="38" failed="0" error="0" timeout="0" aborted="0" inconclusive="0" passedButRunAborted="0" notRunnable="0" notExecuted="0" disconnected="0" warning="0" completed="0" inProgress="0" pending="0" />
    <Output>
      <StdOut>[xUnit.net 00:00:00.00] xUnit.net VSTest Adapter v3.1.4+50e68bbb8b (64-bit .NET 10.0.10)&#xD;
[xUnit.net 00:00:05.17]   Discovering: backend.Tests&#xD;
[xUnit.net 00:00:05.57]   Discovered:  backend.Tests&#xD;
[xUnit.net 00:00:05.62]   Starting:    backend.Tests&#xD;
[xUnit.net 00:00:08.61]   Finished:    backend.Tests&#xD;
</StdOut>
    </Output>
  </ResultSummary>
</TestRun>