<?xml version="1.0" encoding="utf-8"?>
<TestRun id="864d245d-5bfe-4c6a-ae16-cd4fd2dcb99d" name="Yashodha@LAPTOP-HI37VNPC 2026-10-04 15:56:47" runUser="LAPTOP-HI37VNPC\Yashodha" xmlns="http://microsoft.com/schemas/VisualStudio/TeamTest/2010">
  <Times creation="2026-10-04T15:56:47.3259427+05:30" queuing="2026-10-04T15:56:47.3259432+05:30" start="2026-10-04T15:56:31.9929939+05:30" finish="2026-10-04T15:56:47.3332181+05:30" />
  <TestSettings name="default" id="67bce8f6-f06c-4924-8bd2-d86e080b06f1">
    <Deployment runDeploymentRoot="Yashodha_LAPTOP-HI37VNPC_2026-10-04_15_56_47" />
  </TestSettings>
  <Results>
    <UnitTestResult executionId="9a0bf831-d70b-4ab9-a80a-d0ac99db2f37" testId="fbfe79f0-2e35-3527-c77a-e2a3f2a5a5ee" testName="backend.Tests.integration.ListingAnomalyIntegrationTests.AnOverpricedUnapprovedListing_DoesNotInflateTheFairPriceOfTheNextListing" computerName="LAPTOP-HI37VNPC" duration="00:00:08.3655820" startTime="2026-10-04T15:56:38.7209317+05:30" endTime="2026-10-04T15:56:47.2090048+05:30" testType="13cdc9d9-ddb5-4fa4-a97d-d965ccfc6d4b" outcome="Failed" testListId="8c84fa94-04c1-424b-9868-57a2d4851a1d" relativeResultsDirectory="9a0bf831-d70b-4ab9-a80a-d0ac99db2f37">
      <Output>
        <ErrorInfo>
          <Message>fair range was 12723.59-16193.66</Message>
          <StackTrace>   at backend.Tests.integration.ListingAnomalyIntegrationTests.AnOverpricedUnapprovedListing_DoesNotInflateTheFairPriceOfTheNextListing() in C:\Users\Yashodha\OneDrive\Documents\GitHub\AgriConnect\backend.Tests\integration\ListingAnomalyIntegrationTests.cs:line 142&#xD;
--- End of stack trace from previous location ---</StackTrace>
        </ErrorInfo>
      </Output>
    </UnitTestResult>
  </Results>
  <TestDefinitions>
    <UnitTest name="backend.Tests.integration.ListingAnomalyIntegrationTests.AnOverpricedUnapprovedListing_DoesNotInflateTheFairPriceOfTheNextListing" storage="c:\users\yashodha\onedrive\documents\github\agriconnect\backend.tests\bin\debug\net10.0\backend.tests.dll" id="fbfe79f0-2e35-3527-c77a-e2a3f2a5a5ee">
      <Execution id="9a0bf831-d70b-4ab9-a80a-d0ac99db2f37" />
      <TestMethod codeBase="C:\Users\Yashodha\OneDrive\Documents\GitHub\AgriConnect\backend.Tests\bin\Debug\net10.0\backend.Tests.dll" adapterTypeName="executor://xunit/VsTestRunner3/netcore/" className="backend.Tests.integration.ListingAnomalyIntegrationTests" name="AnOverpricedUnapprovedListing_DoesNotInflateTheFairPriceOfTheNextListing" />
    </UnitTest>
  </TestDefinitions>
  <TestEntries>
    <TestEntry testId="fbfe79f0-2e35-3527-c77a-e2a3f2a5a5ee" executionId="9a0bf831-d70b-4ab9-a80a-d0ac99db2f37" testListId="8c84fa94-04c1-424b-9868-57a2d4851a1d" />
  </TestEntries>
  <TestLists>
    <TestList name="Results Not in a List" id="8c84fa94-04c1-424b-9868-57a2d4851a1d" />
    <TestList name="All Loaded Results" id="19431567-8539-422a-85d7-44ee4e166bda" />
  </TestLists>
  <ResultSummary outcome="Failed">
    <Counters total="1" executed="1" passed="0" failed="1" error="0" timeout="0" aborted="0" inconclusive="0" passedButRunAborted="0" notRunnable="0" notExecuted="0" disconnected="0" warning="0" completed="0" inProgress="0" pending="0" />
    <Output>
      <StdOut>[xUnit.net 00:00:00.00] xUnit.net VSTest Adapter v3.1.4+50e68bbb8b (64-bit .NET 10.0.10)&#xD;
[xUnit.net 00:00:02.73]   Discovering: backend.Tests&#xD;
[xUnit.net 00:00:03.11]   Discovered:  backend.Tests&#xD;
[xUnit.net 00:00:03.14]   Starting:    backend.Tests&#xD;
info: Microsoft.EntityFrameworkCore.Database.Command[20101]&#xD;
      Executed DbCommand (22ms) [Parameters=[], CommandType='Text', CommandTimeout='30']&#xD;
      SELECT 1&#xD;
[Startup] Database: CONNECTED (PostgreSQL reachable)&#xD;
info: Program[0]&#xD;
      [SharedReferenceSeeder] Checking shared reference fixtures...&#xD;
info: Microsoft.EntityFrameworkCore.Database.Command[20101]&#xD;
      Executed DbCommand (5ms) [Parameters=[], CommandType='Text', CommandTimeout='30']&#xD;
      SELECT u."Id", u."AvatarUrl", u."CollectionCentreId", u."CreatedAt", u."Email", u."FullName", u."IsActive", u."PasswordHash", u."Phone", u."Region", u."Role"&#xD;
      FROM "User" AS u&#xD;
info: Program[0]&#xD;
      [SharedReferenceSeeder] All shared reference fixtures already present; no changes needed.&#xD;
[Shared] Seeded: 0 crops, 0 regions, 0 users.&#xD;
info: Microsoft.EntityFrameworkCore.Database.Command[20101]&#xD;
      Executed DbCommand (2ms) [Parameters=[], CommandType='Text', CommandTimeout='30']&#xD;
      SELECT u."FileName"&#xD;
      FROM "UploadedImages" AS u&#xD;
info: Microsoft.EntityFrameworkCore.Database.Command[20101]&#xD;
      Executed DbCommand (2ms) [Parameters=[], CommandType='Text', CommandTimeout='30']&#xD;
      SELECT c."Name", c."Id"&#xD;
      FROM "Crop" AS c&#xD;
info: Microsoft.EntityFrameworkCore.Database.Command[20101]&#xD;
      Executed DbCommand (1ms) [Parameters=[], CommandType='Text', CommandTimeout='30']&#xD;
      SELECT r."Name", r."Id"&#xD;
      FROM "Region" AS r&#xD;
info: Microsoft.EntityFrameworkCore.Database.Command[20101]&#xD;
      Executed DbCommand (1ms) [Parameters=[], CommandType='Text', CommandTimeout='30']&#xD;
      SELECT EXISTS (&#xD;
          SELECT 1&#xD;
          FROM "PriceTrendSnapshot" AS p)&#xD;
info: Microsoft.EntityFrameworkCore.Database.Command[20101]&#xD;
      Executed DbCommand (2ms) [Parameters=[], CommandType='Text', CommandTimeout='30']&#xD;
      SELECT EXISTS (&#xD;
          SELECT 1&#xD;
          FROM "PriceAnomalyFlag" AS p)&#xD;
info: Microsoft.EntityFrameworkCore.Database.Command[20101]&#xD;
      Executed DbCommand (1ms) [Parameters=[], CommandType='Text', CommandTimeout='30']&#xD;
      SELECT EXISTS (&#xD;
          SELECT 1&#xD;
          FROM "ShortageOversupplyEvent" AS s)&#xD;
[Component D] Seeded: 0 snapshots, 0 anomalies, 0 supply events.&#xD;
info: Program[0]&#xD;
      [DataSeeder] Checking Component B order/logistics fixtures...&#xD;
info: Microsoft.EntityFrameworkCore.Database.Command[20101]&#xD;
      Executed DbCommand (2ms) [Parameters=[], CommandType='Text', CommandTimeout='30']&#xD;
      SELECT c."Id", c."Capacity", c."Latitude", c."Longitude", c."Name", c."RegionId"&#xD;
      FROM "CollectionCentre" AS c&#xD;
info: Microsoft.EntityFrameworkCore.Database.Command[20101]&#xD;
      Executed DbCommand (2ms) [Parameters=[], CommandType='Text', CommandTimeout='30']&#xD;
      SELECT l."Id"&#xD;
      FROM "Listings" AS l&#xD;
info: Microsoft.EntityFrameworkCore.Database.Command[20101]&#xD;
      Executed DbCommand (1ms) [Parameters=[], CommandType='Text', CommandTimeout='30']&#xD;
      SELECT o."Id"&#xD;
      FROM "Order" AS o&#xD;
info: Microsoft.EntityFrameworkCore.Database.Command[20101]&#xD;
      Executed DbCommand (1ms) [Parameters=[], CommandType='Text', CommandTimeout='30']&#xD;
      SELECT s."Id"&#xD;
      FROM "StockReservation" AS s&#xD;
info: Microsoft.EntityFrameworkCore.Database.Command[20101]&#xD;
      Executed DbCommand (1ms) [Parameters=[], CommandType='Text', CommandTimeout='30']&#xD;
      SELECT p."Id"&#xD;
      FROM "PickupSchedule" AS p&#xD;
info: Program[0]&#xD;
      [DataSeeder] Database already contains all Component B fixtures; no changes needed.&#xD;
[Component B] Seeded: 0 collection centres, 0 listings, 0 orders, 0 reservations, 0 schedules.&#xD;
info: Microsoft.Hosting.Lifetime[0]&#xD;
      Application started. Press Ctrl+C to shut down.&#xD;
info: Microsoft.Hosting.Lifetime[0]&#xD;
      Hosting environment: Development&#xD;
info: Microsoft.Hosting.Lifetime[0]&#xD;
      Content root path: C:\Users\Yashodha\OneDrive\Documents\GitHub\AgriConnect\backend&#xD;
[Startup] Backend: RUNNING on &#xD;
info: Microsoft.EntityFrameworkCore.Database.Command[20101]&#xD;
      Executed DbCommand (7ms) [Parameters=[@now='?' (DbType = DateTime)], CommandType='Text', CommandTimeout='30']&#xD;
      SELECT o."Id", o."BuyerId", o."CreatedAt", o."DeliveryPreference", o."ListingId", o."Quantity", o."Status", o."UpdatedAt"&#xD;
      FROM "Order" AS o&#xD;
      INNER JOIN "StockReservation" AS s ON o."Id" = s."OrderId"&#xD;
      WHERE o."Status" = 'Pending' AND s."ExpiresAt" &lt;= @now&#xD;
info: Microsoft.EntityFrameworkCore.Database.Command[20101]&#xD;
      Executed DbCommand (1ms) [Parameters=[@userId='?' (DbType = Guid)], CommandType='Text', CommandTimeout='30']&#xD;
      SELECT u."Id", u."AvatarUrl", u."CollectionCentreId", u."CreatedAt", u."Email", u."FullName", u."IsActive", u."PasswordHash", u."Phone", u."Region", u."Role"&#xD;
      FROM "User" AS u&#xD;
      WHERE u."Id" = @userId&#xD;
      LIMIT 1&#xD;
info: Microsoft.EntityFrameworkCore.Database.Command[20101]&#xD;
      Executed DbCommand (1ms) [Parameters=[@userId='?' (DbType = Guid)], CommandType='Text', CommandTimeout='30']&#xD;
      SELECT EXISTS (&#xD;
          SELECT 1&#xD;
          FROM "User" AS u&#xD;
          WHERE u."Id" = @userId AND u."IsActive")&#xD;
info: Microsoft.EntityFrameworkCore.Database.Command[20101]&#xD;
      Executed DbCommand (2ms) [Parameters=[], CommandType='Text', CommandTimeout='30']&#xD;
      SELECT c."Id", c."Name", c."Category"&#xD;
      FROM "Crop" AS c&#xD;
      ORDER BY c."Name"&#xD;
info: Microsoft.EntityFrameworkCore.Database.Command[20101]&#xD;
      Executed DbCommand (1ms) [Parameters=[@userId='?' (DbType = Guid)], CommandType='Text', CommandTimeout='30']&#xD;
      SELECT EXISTS (&#xD;
          SELECT 1&#xD;
          FROM "User" AS u&#xD;
          WHERE u."Id" = @userId AND u."IsActive")&#xD;
info: Microsoft.EntityFrameworkCore.Database.Command[20101]&#xD;
      Executed DbCommand (1ms) [Parameters=[], CommandType='Text', CommandTimeout='30']&#xD;
      SELECT r."Id", r."Name"&#xD;
      FROM "Region" AS r&#xD;
      ORDER BY r."Name"&#xD;
info: Microsoft.EntityFrameworkCore.Database.Command[20101]&#xD;
      Executed DbCommand (1ms) [Parameters=[@userId='?' (DbType = Guid)], CommandType='Text', CommandTimeout='30']&#xD;
      SELECT u."Id", u."AvatarUrl", u."CollectionCentreId", u."CreatedAt", u."Email", u."FullName", u."IsActive", u."PasswordHash", u."Phone", u."Region", u."Role"&#xD;
      FROM "User" AS u&#xD;
      WHERE u."Id" = @userId&#xD;
      LIMIT 1&#xD;
info: Microsoft.EntityFrameworkCore.Database.Command[20101]&#xD;
      Executed DbCommand (1ms) [Parameters=[@userId='?' (DbType = Guid)], CommandType='Text', CommandTimeout='30']&#xD;
      SELECT EXISTS (&#xD;
          SELECT 1&#xD;
          FROM "User" AS u&#xD;
          WHERE u."Id" = @userId AND u."IsActive")&#xD;
info: Microsoft.EntityFrameworkCore.Database.Command[20101]&#xD;
      Executed DbCommand (1ms) [Parameters=[@p='?' (DbType = Guid)], CommandType='Text', CommandTimeout='30']&#xD;
      SELECT c."Id", c."Category", c."CreatedAt", c."Name"&#xD;
      FROM "Crop" AS c&#xD;
      WHERE c."Id" = @p&#xD;
      LIMIT 1&#xD;
info: Microsoft.EntityFrameworkCore.Database.Command[20101]&#xD;
      Executed DbCommand (1ms) [Parameters=[@p='?' (DbType = Guid)], CommandType='Text', CommandTimeout='30']&#xD;
      SELECT r."Id", r."CollectionCentreId", r."CreatedAt", r."Name"&#xD;
      FROM "Region" AS r&#xD;
      WHERE r."Id" = @p&#xD;
      LIMIT 1&#xD;
info: Microsoft.EntityFrameworkCore.Database.Command[20101]&#xD;
      Executed DbCommand (11ms) [Parameters=[@p0='?' (DbType = Guid), @p1='?', @p2='?' (DbType = DateTime), @p3='?' (DbType = Guid), @p4='?', @p5='?' (DbType = Guid), @p6='?' (DbType = Decimal), @p7='?' (DbType = DateTime), @p8='?' (DbType = DateTime), @p9='?' (DbType = Decimal), @p10='?' (DbType = Guid), @p11='?', @p12='?', @p13='?' (DbType = DateTime), @p14='?' (DbType = Guid), @p15='?' (DbType = Guid), @p16='?' (DbType = DateTime), @p17='?'], CommandType='Text', CommandTimeout='30']&#xD;
      INSERT INTO "Listings" ("Id", "ClaimedGrade", "CreatedAt", "CropId", "Description", "FarmerId", "MinPrice", "PickupWindowEnd", "PickupWindowStart", "Quantity", "RegionId", "Status", "Unit", "UpdatedAt")&#xD;
      VALUES (@p0, @p1, @p2, @p3, @p4, @p5, @p6, @p7, @p8, @p9, @p10, @p11, @p12, @p13);&#xD;
      INSERT INTO "ListingPhotos" ("Id", "ListingId", "UploadedAt", "Url")&#xD;
      VALUES (@p14, @p15, @p16, @p17);&#xD;
info: Microsoft.EntityFrameworkCore.Database.Command[20101]&#xD;
      Executed DbCommand (1ms) [Parameters=[@listingId='?' (DbType = Guid)], CommandType='Text', CommandTimeout='30']&#xD;
      SELECT l."Id", l."ClaimedGrade", l."CreatedAt", l."CropId", l."Description", l."FarmerId", l."MinPrice", l."PickupWindowEnd", l."PickupWindowStart", l."Quantity", l."RegionId", l."Status", l."Unit", l."UpdatedAt", c."Id", c."Category", c."CreatedAt", c."Name", r."Id", r."CollectionCentreId", r."CreatedAt", r."Name"&#xD;
      FROM "Listings" AS l&#xD;
      INNER JOIN "Crop" AS c ON l."CropId" = c."Id"&#xD;
      INNER JOIN "Region" AS r ON l."RegionId" = r."Id"&#xD;
      WHERE l."Id" = @listingId&#xD;
      LIMIT 1&#xD;
info: Microsoft.EntityFrameworkCore.Database.Command[20101]&#xD;
      Executed DbCommand (2ms) [Parameters=[@listing_CropId='?' (DbType = Guid), @listing_RegionId='?' (DbType = Guid), @listingId='?' (DbType = Guid), @p='?' (DbType = Int32)], CommandType='Text', CommandTimeout='30']&#xD;
      SELECT l."MinPrice"&#xD;
      FROM "Listings" AS l&#xD;
      WHERE l."CropId" = @listing_CropId AND l."RegionId" = @listing_RegionId AND l."MinPrice" IS NOT NULL AND l."Id" &lt;&gt; @listingId&#xD;
      ORDER BY l."CreatedAt" DESC&#xD;
      LIMIT @p&#xD;
info: System.Net.Http.HttpClient.Default.LogicalHandler[100]&#xD;
      Start processing HTTP request POST http://localhost:8000/orchestration/run&#xD;
info: System.Net.Http.HttpClient.Default.ClientHandler[100]&#xD;
      Sending HTTP request POST http://localhost:8000/orchestration/run&#xD;
info: System.Net.Http.HttpClient.Default.ClientHandler[101]&#xD;
      Received HTTP response headers after 48.5591ms - 200&#xD;
info: System.Net.Http.HttpClient.Default.LogicalHandler[101]&#xD;
      End processing HTTP request after 59.8317ms - 200&#xD;
info: Microsoft.EntityFrameworkCore.Database.Command[20101]&#xD;
      Executed DbCommand (5ms) [Parameters=[@p0='?' (DbType = Guid), @p1='?' (DbType = Guid), @p2='?' (DbType = Boolean), @p3='?', @p4='?' (DbType = Decimal), @p5='?' (DbType = DateTime), @p6='?' (DbType = DateTime), @p7='?' (DbType = Guid), @p8='?' (DbType = Guid), @p9='?', @p10='?', @p11='?', @p12='?' (DbType = Decimal), @p13='?' (DbType = Decimal), @p14='?' (DbType = DateTime), @p15='?'], CommandType='Text', CommandTimeout='30']&#xD;
      INSERT INTO "PriceSuggestions" ("Id", "AgentWorkflowId", "AutoRejectedByValidation", "CheckpointName", "Confidence", "CreatedAt", "DecidedAt", "DecidedByUserId", "ListingId", "OfficerNote", "ReasoningSummary", "Status", "SuggestedPriceMax", "SuggestedPriceMin", "UpdatedAt", "ValidationSummary")&#xD;
      VALUES (@p0, @p1, @p2, @p3, @p4, @p5, @p6, @p7, @p8, @p9, @p10, @p11, @p12, @p13, @p14, @p15);&#xD;
info: Microsoft.EntityFrameworkCore.Database.Command[20101]&#xD;
      Executed DbCommand (1ms) [Parameters=[@listingId='?' (DbType = Guid)], CommandType='Text', CommandTimeout='30']&#xD;
      SELECT p."Id", p."CropId", p."DeviationPercent", p."FlaggedAt", p."ListingId", p."ListingPrice", p."RegionId", p."Status"&#xD;
      FROM "PriceAnomalyFlag" AS p&#xD;
      WHERE p."ListingId" = @listingId AND p."Status" = 'Open'&#xD;
      LIMIT 1&#xD;
info: Microsoft.EntityFrameworkCore.Database.Command[20101]&#xD;
      Executed DbCommand (1ms) [Parameters=[@p0='?' (DbType = Guid), @p1='?' (DbType = Guid), @p2='?' (DbType = Decimal), @p3='?' (DbType = DateTime), @p4='?' (DbType = Guid), @p5='?' (DbType = Decimal), @p6='?' (DbType = Guid), @p7='?'], CommandType='Text', CommandTimeout='30']&#xD;
      INSERT INTO "PriceAnomalyFlag" ("Id", "CropId", "DeviationPercent", "FlaggedAt", "ListingId", "ListingPrice", "RegionId", "Status")&#xD;
      VALUES (@p0, @p1, @p2, @p3, @p4, @p5, @p6, @p7);&#xD;
info: Microsoft.EntityFrameworkCore.Database.Command[20101]&#xD;
      Executed DbCommand (2ms) [Parameters=[@id='?' (DbType = Guid)], CommandType='Text', CommandTimeout='30']&#xD;
      SELECT s."Id", s."ClaimedGrade", s."CreatedAt", s."CropId", s."Description", s."FarmerId", s."MinPrice", s."PickupWindowEnd", s."PickupWindowStart", s."Quantity", s."RegionId", s."Status", s."Unit", s."UpdatedAt", s."Id0", s."Category", s."CreatedAt0", s."Name", s."Id1", s."CollectionCentreId", s."CreatedAt1", s."Name0", s."Id2", l0."Id", l0."ListingId", l0."UploadedAt", l0."Url", s."AgentWorkflowId", s."AutoRejectedByValidation", s."CheckpointName", s."Confidence", s."CreatedAt2", s."DecidedAt", s."DecidedByUserId", s."ListingId", s."OfficerNote", s."ReasoningSummary", s."Status0", s."SuggestedPriceMax", s."SuggestedPriceMin", s."UpdatedAt0", s."ValidationSummary"&#xD;
      FROM (&#xD;
          SELECT l."Id", l."ClaimedGrade", l."CreatedAt", l."CropId", l."Description", l."FarmerId", l."MinPrice", l."PickupWindowEnd", l."PickupWindowStart", l."Quantity", l."RegionId", l."Status", l."Unit", l."UpdatedAt", c."Id" AS "Id0", c."Category", c."CreatedAt" AS "CreatedAt0", c."Name", r."Id" AS "Id1", r."CollectionCentreId", r."CreatedAt" AS "CreatedAt1", r."Name" AS "Name0", p."Id" AS "Id2", p."AgentWorkflowId", p."AutoRejectedByValidation", p."CheckpointName", p."Confidence", p."CreatedAt" AS "CreatedAt2", p."DecidedAt", p."DecidedByUserId", p."ListingId", p."OfficerNote", p."ReasoningSummary", p."Status" AS "Status0", p."SuggestedPriceMax", p."SuggestedPriceMin", p."UpdatedAt" AS "UpdatedAt0", p."ValidationSummary"&#xD;
          FROM "Listings" AS l&#xD;
          INNER JOIN "Crop" AS c ON l."CropId" = c."Id"&#xD;
          INNER JOIN "Region" AS r ON l."RegionId" = r."Id"&#xD;
          LEFT JOIN "PriceSuggestions" AS p ON l."Id" = p."ListingId"&#xD;
          WHERE l."Id" = @id&#xD;
          LIMIT 1&#xD;
      ) AS s&#xD;
      LEFT JOIN "ListingPhotos" AS l0 ON s."Id" = l0."ListingId"&#xD;
      ORDER BY s."Id", s."Id0", s."Id1", s."Id2"&#xD;
info: Microsoft.EntityFrameworkCore.Database.Command[20101]&#xD;
      Executed DbCommand (1ms) [Parameters=[@userId='?' (DbType = Guid)], CommandType='Text', CommandTimeout='30']&#xD;
      SELECT u."Id", u."AvatarUrl", u."CollectionCentreId", u."CreatedAt", u."Email", u."FullName", u."IsActive", u."PasswordHash", u."Phone", u."Region", u."Role"&#xD;
      FROM "User" AS u&#xD;
      WHERE u."Id" = @userId&#xD;
      LIMIT 1&#xD;
info: Microsoft.EntityFrameworkCore.Database.Command[20101]&#xD;
      Executed DbCommand (0ms) [Parameters=[@userId='?' (DbType = Guid)], CommandType='Text', CommandTimeout='30']&#xD;
      SELECT EXISTS (&#xD;
          SELECT 1&#xD;
          FROM "User" AS u&#xD;
          WHERE u."Id" = @userId AND u."IsActive")&#xD;
info: Microsoft.EntityFrameworkCore.Database.Command[20101]&#xD;
      Executed DbCommand (1ms) [Parameters=[], CommandType='Text', CommandTimeout='30']&#xD;
      SELECT c."Id", c."Name", c."Category"&#xD;
      FROM "Crop" AS c&#xD;
      ORDER BY c."Name"&#xD;
info: Microsoft.EntityFrameworkCore.Database.Command[20101]&#xD;
      Executed DbCommand (0ms) [Parameters=[@userId='?' (DbType = Guid)], CommandType='Text', CommandTimeout='30']&#xD;
      SELECT EXISTS (&#xD;
          SELECT 1&#xD;
          FROM "User" AS u&#xD;
          WHERE u."Id" = @userId AND u."IsActive")&#xD;
info: Microsoft.EntityFrameworkCore.Database.Command[20101]&#xD;
      Executed DbCommand (0ms) [Parameters=[], CommandType='Text', CommandTimeout='30']&#xD;
      SELECT r."Id", r."Name"&#xD;
      FROM "Region" AS r&#xD;
      ORDER BY r."Name"&#xD;
info: Microsoft.EntityFrameworkCore.Database.Command[20101]&#xD;
      Executed DbCommand (0ms) [Parameters=[@userId='?' (DbType = Guid)], CommandType='Text', CommandTimeout='30']&#xD;
      SELECT u."Id", u."AvatarUrl", u."CollectionCentreId", u."CreatedAt", u."Email", u."FullName", u."IsActive", u."PasswordHash", u."Phone", u."Region", u."Role"&#xD;
      FROM "User" AS u&#xD;
      WHERE u."Id" = @userId&#xD;
      LIMIT 1&#xD;
info: Microsoft.EntityFrameworkCore.Database.Command[20101]&#xD;
      Executed DbCommand (1ms) [Parameters=[@userId='?' (DbType = Guid)], CommandType='Text', CommandTimeout='30']&#xD;
      SELECT EXISTS (&#xD;
          SELECT 1&#xD;
          FROM "User" AS u&#xD;
          WHERE u."Id" = @userId AND u."IsActive")&#xD;
info: Microsoft.EntityFrameworkCore.Database.Command[20101]&#xD;
      Executed DbCommand (0ms) [Parameters=[@p='?' (DbType = Guid)], CommandType='Text', CommandTimeout='30']&#xD;
      SELECT c."Id", c."Category", c."CreatedAt", c."Name"&#xD;
      FROM "Crop" AS c&#xD;
      WHERE c."Id" = @p&#xD;
      LIMIT 1&#xD;
info: Microsoft.EntityFrameworkCore.Database.Command[20101]&#xD;
      Executed DbCommand (0ms) [Parameters=[@p='?' (DbType = Guid)], CommandType='Text', CommandTimeout='30']&#xD;
      SELECT r."Id", r."CollectionCentreId", r."CreatedAt", r."Name"&#xD;
      FROM "Region" AS r&#xD;
      WHERE r."Id" = @p&#xD;
      LIMIT 1&#xD;
info: Microsoft.EntityFrameworkCore.Database.Command[20101]&#xD;
      Executed DbCommand (1ms) [Parameters=[@p0='?' (DbType = Guid), @p1='?', @p2='?' (DbType = DateTime), @p3='?' (DbType = Guid), @p4='?', @p5='?' (DbType = Guid), @p6='?' (DbType = Decimal), @p7='?' (DbType = DateTime), @p8='?' (DbType = DateTime), @p9='?' (DbType = Decimal), @p10='?' (DbType = Guid), @p11='?', @p12='?', @p13='?' (DbType = DateTime), @p14='?' (DbType = Guid), @p15='?' (DbType = Guid), @p16='?' (DbType = DateTime), @p17='?'], CommandType='Text', CommandTimeout='30']&#xD;
      INSERT INTO "Listings" ("Id", "ClaimedGrade", "CreatedAt", "CropId", "Description", "FarmerId", "MinPrice", "PickupWindowEnd", "PickupWindowStart", "Quantity", "RegionId", "Status", "Unit", "UpdatedAt")&#xD;
      VALUES (@p0, @p1, @p2, @p3, @p4, @p5, @p6, @p7, @p8, @p9, @p10, @p11, @p12, @p13);&#xD;
      INSERT INTO "ListingPhotos" ("Id", "ListingId", "UploadedAt", "Url")&#xD;
      VALUES (@p14, @p15, @p16, @p17);&#xD;
info: Microsoft.EntityFrameworkCore.Database.Command[20101]&#xD;
      Executed DbCommand (1ms) [Parameters=[@listingId='?' (DbType = Guid)], CommandType='Text', CommandTimeout='30']&#xD;
      SELECT l."Id", l."ClaimedGrade", l."CreatedAt", l."CropId", l."Description", l."FarmerId", l."MinPrice", l."PickupWindowEnd", l."PickupWindowStart", l."Quantity", l."RegionId", l."Status", l."Unit", l."UpdatedAt", c."Id", c."Category", c."CreatedAt", c."Name", r."Id", r."CollectionCentreId", r."CreatedAt", r."Name"&#xD;
      FROM "Listings" AS l&#xD;
      INNER JOIN "Crop" AS c ON l."CropId" = c."Id"&#xD;
      INNER JOIN "Region" AS r ON l."RegionId" = r."Id"&#xD;
      WHERE l."Id" = @listingId&#xD;
      LIMIT 1&#xD;
info: Microsoft.EntityFrameworkCore.Database.Command[20101]&#xD;
      Executed DbCommand (0ms) [Parameters=[@listing_CropId='?' (DbType = Guid), @listing_RegionId='?' (DbType = Guid), @listingId='?' (DbType = Guid), @p='?' (DbType = Int32)], CommandType='Text', CommandTimeout='30']&#xD;
      SELECT l."MinPrice"&#xD;
      FROM "Listings" AS l&#xD;
      WHERE l."CropId" = @listing_CropId AND l."RegionId" = @listing_RegionId AND l."MinPrice" IS NOT NULL AND l."Id" &lt;&gt; @listingId&#xD;
      ORDER BY l."CreatedAt" DESC&#xD;
      LIMIT @p&#xD;
info: System.Net.Http.HttpClient.Default.LogicalHandler[100]&#xD;
      Start processing HTTP request POST http://localhost:8000/orchestration/run&#xD;
info: System.Net.Http.HttpClient.Default.ClientHandler[100]&#xD;
      Sending HTTP request POST http://localhost:8000/orchestration/run&#xD;
info: System.Net.Http.HttpClient.Default.ClientHandler[101]&#xD;
      Received HTTP response headers after 6.7546ms - 200&#xD;
info: System.Net.Http.HttpClient.Default.LogicalHandler[101]&#xD;
      End processing HTTP request after 6.8555ms - 200&#xD;
info: Microsoft.EntityFrameworkCore.Database.Command[20101]&#xD;
      Executed DbCommand (1ms) [Parameters=[@p0='?' (DbType = Guid), @p1='?' (DbType = Guid), @p2='?' (DbType = Boolean), @p3='?', @p4='?' (DbType = Decimal), @p5='?' (DbType = DateTime), @p6='?' (DbType = DateTime), @p7='?' (DbType = Guid), @p8='?' (DbType = Guid), @p9='?', @p10='?', @p11='?', @p12='?' (DbType = Decimal), @p13='?' (DbType = Decimal), @p14='?' (DbType = DateTime), @p15='?'], CommandType='Text', CommandTimeout='30']&#xD;
      INSERT INTO "PriceSuggestions" ("Id", "AgentWorkflowId", "AutoRejectedByValidation", "CheckpointName", "Confidence", "CreatedAt", "DecidedAt", "DecidedByUserId", "ListingId", "OfficerNote", "ReasoningSummary", "Status", "SuggestedPriceMax", "SuggestedPriceMin", "UpdatedAt", "ValidationSummary")&#xD;
      VALUES (@p0, @p1, @p2, @p3, @p4, @p5, @p6, @p7, @p8, @p9, @p10, @p11, @p12, @p13, @p14, @p15);&#xD;
info: Microsoft.EntityFrameworkCore.Database.Command[20101]&#xD;
      Executed DbCommand (2ms) [Parameters=[@id='?' (DbType = Guid)], CommandType='Text', CommandTimeout='30']&#xD;
      SELECT s."Id", s."ClaimedGrade", s."CreatedAt", s."CropId", s."Description", s."FarmerId", s."MinPrice", s."PickupWindowEnd", s."PickupWindowStart", s."Quantity", s."RegionId", s."Status", s."Unit", s."UpdatedAt", s."Id0", s."Category", s."CreatedAt0", s."Name", s."Id1", s."CollectionCentreId", s."CreatedAt1", s."Name0", s."Id2", l0."Id", l0."ListingId", l0."UploadedAt", l0."Url", s."AgentWorkflowId", s."AutoRejectedByValidation", s."CheckpointName", s."Confidence", s."CreatedAt2", s."DecidedAt", s."DecidedByUserId", s."ListingId", s."OfficerNote", s."ReasoningSummary", s."Status0", s."SuggestedPriceMax", s."SuggestedPriceMin", s."UpdatedAt0", s."ValidationSummary"&#xD;
      FROM (&#xD;
          SELECT l."Id", l."ClaimedGrade", l."CreatedAt", l."CropId", l."Description", l."FarmerId", l."MinPrice", l."PickupWindowEnd", l."PickupWindowStart", l."Quantity", l."RegionId", l."Status", l."Unit", l."UpdatedAt", c."Id" AS "Id0", c."Category", c."CreatedAt" AS "CreatedAt0", c."Name", r."Id" AS "Id1", r."CollectionCentreId", r."CreatedAt" AS "CreatedAt1", r."Name" AS "Name0", p."Id" AS "Id2", p."AgentWorkflowId", p."AutoRejectedByValidation", p."CheckpointName", p."Confidence", p."CreatedAt" AS "CreatedAt2", p."DecidedAt", p."DecidedByUserId", p."ListingId", p."OfficerNote", p."ReasoningSummary", p."Status" AS "Status0", p."SuggestedPriceMax", p."SuggestedPriceMin", p."UpdatedAt" AS "UpdatedAt0", p."ValidationSummary"&#xD;
          FROM "Listings" AS l&#xD;
          INNER JOIN "Crop" AS c ON l."CropId" = c."Id"&#xD;
          INNER JOIN "Region" AS r ON l."RegionId" = r."Id"&#xD;
          LEFT JOIN "PriceSuggestions" AS p ON l."Id" = p."ListingId"&#xD;
          WHERE l."Id" = @id&#xD;
          LIMIT 1&#xD;
      ) AS s&#xD;
      LEFT JOIN "ListingPhotos" AS l0 ON s."Id" = l0."ListingId"&#xD;
      ORDER BY s."Id", s."Id0", s."Id1", s."Id2"&#xD;
info: Microsoft.EntityFrameworkCore.Database.Command[20101]&#xD;
      Executed DbCommand (0ms) [Parameters=[@userId='?' (DbType = Guid)], CommandType='Text', CommandTimeout='30']&#xD;
      SELECT u."Id", u."AvatarUrl", u."CollectionCentreId", u."CreatedAt", u."Email", u."FullName", u."IsActive", u."PasswordHash", u."Phone", u."Region", u."Role"&#xD;
      FROM "User" AS u&#xD;
      WHERE u."Id" = @userId&#xD;
      LIMIT 1&#xD;
info: Microsoft.EntityFrameworkCore.Database.Command[20101]&#xD;
      Executed DbCommand (0ms) [Parameters=[@userId='?' (DbType = Guid)], CommandType='Text', CommandTimeout='30']&#xD;
      SELECT EXISTS (&#xD;
          SELECT 1&#xD;
          FROM "User" AS u&#xD;
          WHERE u."Id" = @userId AND u."IsActive")&#xD;
info: Microsoft.EntityFrameworkCore.Database.Command[20101]&#xD;
      Executed DbCommand (1ms) [Parameters=[@listingId='?' (DbType = Guid)], CommandType='Text', CommandTimeout='30']&#xD;
      SELECT l."Id", l."ClaimedGrade", l."CreatedAt", l."CropId", l."Description", l."FarmerId", l."MinPrice", l."PickupWindowEnd", l."PickupWindowStart", l."Quantity", l."RegionId", l."Status", l."Unit", l."UpdatedAt", p."Id", p."AgentWorkflowId", p."AutoRejectedByValidation", p."CheckpointName", p."Confidence", p."CreatedAt", p."DecidedAt", p."DecidedByUserId", p."ListingId", p."OfficerNote", p."ReasoningSummary", p."Status", p."SuggestedPriceMax", p."SuggestedPriceMin", p."UpdatedAt", p."ValidationSummary", c."Id", c."Category", c."CreatedAt", c."Name", r."Id", r."CollectionCentreId", r."CreatedAt", r."Name"&#xD;
      FROM "Listings" AS l&#xD;
      LEFT JOIN "PriceSuggestions" AS p ON l."Id" = p."ListingId"&#xD;
      INNER JOIN "Crop" AS c ON l."CropId" = c."Id"&#xD;
      INNER JOIN "Region" AS r ON l."RegionId" = r."Id"&#xD;
      WHERE l."Id" = @listingId&#xD;
      LIMIT 1&#xD;
info: Microsoft.EntityFrameworkCore.Database.Command[20101]&#xD;
      Executed DbCommand (1ms) [Parameters=[@userId='?' (DbType = Guid)], CommandType='Text', CommandTimeout='30']&#xD;
      SELECT u."Id", u."AvatarUrl", u."CollectionCentreId", u."CreatedAt", u."Email", u."FullName", u."IsActive", u."PasswordHash", u."Phone", u."Region", u."Role"&#xD;
      FROM "User" AS u&#xD;
      WHERE u."Id" = @userId&#xD;
      LIMIT 1&#xD;
info: Microsoft.EntityFrameworkCore.Database.Command[20101]&#xD;
      Executed DbCommand (0ms) [Parameters=[@userId='?' (DbType = Guid)], CommandType='Text', CommandTimeout='30']&#xD;
      SELECT u."Id", u."AvatarUrl", u."CollectionCentreId", u."CreatedAt", u."Email", u."FullName", u."IsActive", u."PasswordHash", u."Phone", u."Region", u."Role"&#xD;
      FROM "User" AS u&#xD;
      WHERE u."Id" = @userId&#xD;
      LIMIT 1&#xD;
info: Microsoft.EntityFrameworkCore.Database.Command[20101]&#xD;
      Executed DbCommand (1ms) [Parameters=[@userId='?' (DbType = Guid)], CommandType='Text', CommandTimeout='30']&#xD;
      SELECT u."Id", u."AvatarUrl", u."CollectionCentreId", u."CreatedAt", u."Email", u."FullName", u."IsActive", u."PasswordHash", u."Phone", u."Region", u."Role"&#xD;
      FROM "User" AS u&#xD;
      WHERE u."Id" = @userId&#xD;
      LIMIT 1&#xD;
info: Microsoft.EntityFrameworkCore.Database.Command[20101]&#xD;
      Executed DbCommand (0ms) [Parameters=[@userId='?' (DbType = Guid)], CommandType='Text', CommandTimeout='30']&#xD;
      SELECT EXISTS (&#xD;
          SELECT 1&#xD;
          FROM "User" AS u&#xD;
          WHERE u."Id" = @userId AND u."IsActive")&#xD;
info: Microsoft.EntityFrameworkCore.Database.Command[20101]&#xD;
      Executed DbCommand (1ms) [Parameters=[@p1='?' (DbType = Int32), @p='?' (DbType = Int32)], CommandType='Text', CommandTimeout='30']&#xD;
      SELECT p."Id", p."CropId", p."DeviationPercent", p."FlaggedAt", p."ListingId", p."ListingPrice", p."RegionId", p."Status"&#xD;
      FROM "PriceAnomalyFlag" AS p&#xD;
      ORDER BY p."FlaggedAt" DESC&#xD;
      LIMIT @p1 OFFSET @p&#xD;
info: Microsoft.EntityFrameworkCore.Database.Command[20101]&#xD;
      Executed DbCommand (1ms) [Parameters=[], CommandType='Text', CommandTimeout='30']&#xD;
      SELECT count(*)::int&#xD;
      FROM "PriceAnomalyFlag" AS p&#xD;
info: Microsoft.EntityFrameworkCore.Database.Command[20101]&#xD;
      Executed DbCommand (1ms) [Parameters=[@userId='?' (DbType = Guid)], CommandType='Text', CommandTimeout='30']&#xD;
      SELECT EXISTS (&#xD;
          SELECT 1&#xD;
          FROM "User" AS u&#xD;
          WHERE u."Id" = @userId AND u."IsActive")&#xD;
info: Microsoft.EntityFrameworkCore.Database.Command[20101]&#xD;
      Executed DbCommand (1ms) [Parameters=[@id='?' (DbType = Guid)], CommandType='Text', CommandTimeout='30']&#xD;
      SELECT p."Id", p."CropId", p."DeviationPercent", p."FlaggedAt", p."ListingId", p."ListingPrice", p."RegionId", p."Status"&#xD;
      FROM "PriceAnomalyFlag" AS p&#xD;
      WHERE p."Id" = @id&#xD;
      LIMIT 1&#xD;
info: Microsoft.EntityFrameworkCore.Database.Command[20101]&#xD;
      Executed DbCommand (1ms) [Parameters=[@p1='?' (DbType = Guid), @p0='?'], CommandType='Text', CommandTimeout='30']&#xD;
      UPDATE "PriceAnomalyFlag" SET "Status" = @p0&#xD;
      WHERE "Id" = @p1;&#xD;
info: Microsoft.EntityFrameworkCore.Database.Command[20101]&#xD;
      Executed DbCommand (1ms) [Parameters=[@id='?' (DbType = Guid)], CommandType='Text', CommandTimeout='30']&#xD;
      SELECT p."Id", p."CropId", p."DeviationPercent", p."FlaggedAt", p."ListingId", p."ListingPrice", p."RegionId", p."Status"&#xD;
      FROM "PriceAnomalyFlag" AS p&#xD;
      WHERE p."Id" = @id&#xD;
      LIMIT 1&#xD;
info: Microsoft.EntityFrameworkCore.Database.Command[20101]&#xD;
      Executed DbCommand (1ms) [Parameters=[@userId='?' (DbType = Guid)], CommandType='Text', CommandTimeout='30']&#xD;
      SELECT EXISTS (&#xD;
          SELECT 1&#xD;
          FROM "User" AS u&#xD;
          WHERE u."Id" = @userId AND u."IsActive")&#xD;
info: Microsoft.EntityFrameworkCore.Database.Command[20101]&#xD;
      Executed DbCommand (1ms) [Parameters=[@p='?' (DbType = Guid)], CommandType='Text', CommandTimeout='30']&#xD;
      SELECT l."Id", l."ClaimedGrade", l."CreatedAt", l."CropId", l."Description", l."FarmerId", l."MinPrice", l."PickupWindowEnd", l."PickupWindowStart", l."Quantity", l."RegionId", l."Status", l."Unit", l."UpdatedAt"&#xD;
      FROM "Listings" AS l&#xD;
      WHERE l."Id" = @p&#xD;
      LIMIT 1&#xD;
info: Microsoft.EntityFrameworkCore.Database.Command[20101]&#xD;
      Executed DbCommand (1ms) [Parameters=[@p2='?' (DbType = Guid), @p0='?', @p1='?' (DbType = DateTime)], CommandType='Text', CommandTimeout='30']&#xD;
      UPDATE "Listings" SET "Status" = @p0, "UpdatedAt" = @p1&#xD;
      WHERE "Id" = @p2;&#xD;
info: Microsoft.EntityFrameworkCore.Database.Command[20101]&#xD;
      Executed DbCommand (0ms) [Parameters=[@userId='?' (DbType = Guid)], CommandType='Text', CommandTimeout='30']&#xD;
      SELECT u."Id", u."AvatarUrl", u."CollectionCentreId", u."CreatedAt", u."Email", u."FullName", u."IsActive", u."PasswordHash", u."Phone", u."Region", u."Role"&#xD;
      FROM "User" AS u&#xD;
      WHERE u."Id" = @userId&#xD;
      LIMIT 1&#xD;
info: Microsoft.EntityFrameworkCore.Database.Command[20101]&#xD;
      Executed DbCommand (1ms) [Parameters=[@userId='?' (DbType = Guid)], CommandType='Text', CommandTimeout='30']&#xD;
      SELECT EXISTS (&#xD;
          SELECT 1&#xD;
          FROM "User" AS u&#xD;
          WHERE u."Id" = @userId AND u."IsActive")&#xD;
info: Microsoft.EntityFrameworkCore.Database.Command[20101]&#xD;
      Executed DbCommand (1ms) [Parameters=[@p1='?' (DbType = Int32), @p='?' (DbType = Int32)], CommandType='Text', CommandTimeout='30']&#xD;
      SELECT p."Id", p."CropId", p."DeviationPercent", p."FlaggedAt", p."ListingId", p."ListingPrice", p."RegionId", p."Status"&#xD;
      FROM "PriceAnomalyFlag" AS p&#xD;
      ORDER BY p."FlaggedAt" DESC&#xD;
      LIMIT @p1 OFFSET @p&#xD;
info: Microsoft.EntityFrameworkCore.Database.Command[20101]&#xD;
      Executed DbCommand (0ms) [Parameters=[], CommandType='Text', CommandTimeout='30']&#xD;
      SELECT count(*)::int&#xD;
      FROM "PriceAnomalyFlag" AS p&#xD;
info: Microsoft.EntityFrameworkCore.Database.Command[20101]&#xD;
      Executed DbCommand (0ms) [Parameters=[@userId='?' (DbType = Guid)], CommandType='Text', CommandTimeout='30']&#xD;
      SELECT EXISTS (&#xD;
          SELECT 1&#xD;
          FROM "User" AS u&#xD;
          WHERE u."Id" = @userId AND u."IsActive")&#xD;
info: Microsoft.EntityFrameworkCore.Database.Command[20101]&#xD;
      Executed DbCommand (0ms) [Parameters=[@p='?' (DbType = Guid)], CommandType='Text', CommandTimeout='30']&#xD;
      SELECT l."Id", l."ClaimedGrade", l."CreatedAt", l."CropId", l."Description", l."FarmerId", l."MinPrice", l."PickupWindowEnd", l."PickupWindowStart", l."Quantity", l."RegionId", l."Status", l."Unit", l."UpdatedAt"&#xD;
      FROM "Listings" AS l&#xD;
      WHERE l."Id" = @p&#xD;
      LIMIT 1&#xD;
info: Microsoft.EntityFrameworkCore.Database.Command[20101]&#xD;
      Executed DbCommand (1ms) [Parameters=[@p2='?' (DbType = Guid), @p0='?', @p1='?' (DbType = DateTime)], CommandType='Text', CommandTimeout='30']&#xD;
      UPDATE "Listings" SET "Status" = @p0, "UpdatedAt" = @p1&#xD;
      WHERE "Id" = @p2;&#xD;
[xUnit.net 00:00:11.68]       fair range was 12723.59-16193.66&#xD;
[xUnit.net 00:00:11.68]       Stack Trace:&#xD;
info: Microsoft.Hosting.Lifetime[0]&#xD;
      Application is shutting down...&#xD;
[xUnit.net 00:00:11.68]         C:\Users\Yashodha\OneDrive\Documents\GitHub\AgriConnect\backend.Tests\integration\ListingAnomalyIntegrationTests.cs(142,0): at backend.Tests.integration.ListingAnomalyIntegrationTests.AnOverpricedUnapprovedListing_DoesNotInflateTheFairPriceOfTheNextListing()&#xD;
[xUnit.net 00:00:11.68]         --- End of stack trace from previous location ---&#xD;
[xUnit.net 00:00:11.70]   Finished:    backend.Tests&#xD;
</StdOut>
    </Output>
    <RunInfos>
      <RunInfo computerName="LAPTOP-HI37VNPC" outcome="Error" timestamp="2026-10-04T15:56:47.2127065+05:30">
        <Text>[xUnit.net 00:00:11.68]     backend.Tests.integration.ListingAnomalyIntegrationTests.AnOverpricedUnapprovedListing_DoesNotInflateTheFairPriceOfTheNextListing [FAIL]</Text>
      </RunInfo>
    </RunInfos>
  </ResultSummary>
</TestRun>